Archive member included to satisfy reference by file (symbol)

c:/st/stm32cubeide_1.3.0/stm32cubeide/plugins/com.st.stm32cube.ide.mcu.externaltools.gnu-tools-for-stm32.7-2018-q2-update.win32_1.4.0.202007081208/tools/bin/../lib/gcc/arm-none-eabi/7.3.1/../../../../arm-none-eabi/lib/thumb/v7e-m/fpv4-sp/hard\libc_nano.a(lib_a-errno.o)
                              Src/syscalls.o (__errno)
c:/st/stm32cubeide_1.3.0/stm32cubeide/plugins/com.st.stm32cube.ide.mcu.externaltools.gnu-tools-for-stm32.7-2018-q2-update.win32_1.4.0.202007081208/tools/bin/../lib/gcc/arm-none-eabi/7.3.1/../../../../arm-none-eabi/lib/thumb/v7e-m/fpv4-sp/hard\libc_nano.a(lib_a-exit.o)
                              c:/st/stm32cubeide_1.3.0/stm32cubeide/plugins/com.st.stm32cube.ide.mcu.externaltools.gnu-tools-for-stm32.7-2018-q2-update.win32_1.4.0.202007081208/tools/bin/../lib/gcc/arm-none-eabi/7.3.1/../../../../arm-none-eabi/lib/thumb/v7e-m/fpv4-sp/hard/crt0.o (exit)
c:/st/stm32cubeide_1.3.0/stm32cubeide/plugins/com.st.stm32cube.ide.mcu.externaltools.gnu-tools-for-stm32.7-2018-q2-update.win32_1.4.0.202007081208/tools/bin/../lib/gcc/arm-none-eabi/7.3.1/../../../../arm-none-eabi/lib/thumb/v7e-m/fpv4-sp/hard\libc_nano.a(lib_a-impure.o)
                              c:/st/stm32cubeide_1.3.0/stm32cubeide/plugins/com.st.stm32cube.ide.mcu.externaltools.gnu-tools-for-stm32.7-2018-q2-update.win32_1.4.0.202007081208/tools/bin/../lib/gcc/arm-none-eabi/7.3.1/../../../../arm-none-eabi/lib/thumb/v7e-m/fpv4-sp/hard\libc_nano.a(lib_a-exit.o) (_global_impure_ptr)
c:/st/stm32cubeide_1.3.0/stm32cubeide/plugins/com.st.stm32cube.ide.mcu.externaltools.gnu-tools-for-stm32.7-2018-q2-update.win32_1.4.0.202007081208/tools/bin/../lib/gcc/arm-none-eabi/7.3.1/../../../../arm-none-eabi/lib/thumb/v7e-m/fpv4-sp/hard\libc_nano.a(lib_a-init.o)
                              c:/st/stm32cubeide_1.3.0/stm32cubeide/plugins/com.st.stm32cube.ide.mcu.externaltools.gnu-tools-for-stm32.7-2018-q2-update.win32_1.4.0.202007081208/tools/bin/../lib/gcc/arm-none-eabi/7.3.1/../../../../arm-none-eabi/lib/thumb/v7e-m/fpv4-sp/hard/crt0.o (__libc_init_array)
c:/st/stm32cubeide_1.3.0/stm32cubeide/plugins/com.st.stm32cube.ide.mcu.externaltools.gnu-tools-for-stm32.7-2018-q2-update.win32_1.4.0.202007081208/tools/bin/../lib/gcc/arm-none-eabi/7.3.1/../../../../arm-none-eabi/lib/thumb/v7e-m/fpv4-sp/hard\libc_nano.a(lib_a-memset.o)
                              c:/st/stm32cubeide_1.3.0/stm32cubeide/plugins/com.st.stm32cube.ide.mcu.externaltools.gnu-tools-for-stm32.7-2018-q2-update.win32_1.4.0.202007081208/tools/bin/../lib/gcc/arm-none-eabi/7.3.1/../../../../arm-none-eabi/lib/thumb/v7e-m/fpv4-sp/hard/crt0.o (memset)

Allocating common symbols
Common symbol       size              file

menu                0x4               Src/main.o
vypis               0x10              Src/main.o
interrupt           0x1               Src/main.o
saved_time          0x8               Src/main.o

Discarded input sections

 .text          0x0000000000000000        0x0 c:/st/stm32cubeide_1.3.0/stm32cubeide/plugins/com.st.stm32cube.ide.mcu.externaltools.gnu-tools-for-stm32.7-2018-q2-update.win32_1.4.0.202007081208/tools/bin/../lib/gcc/arm-none-eabi/7.3.1/thumb/v7e-m/fpv4-sp/hard/crti.o
 .data          0x0000000000000000        0x0 c:/st/stm32cubeide_1.3.0/stm32cubeide/plugins/com.st.stm32cube.ide.mcu.externaltools.gnu-tools-for-stm32.7-2018-q2-update.win32_1.4.0.202007081208/tools/bin/../lib/gcc/arm-none-eabi/7.3.1/thumb/v7e-m/fpv4-sp/hard/crti.o
 .bss           0x0000000000000000        0x0 c:/st/stm32cubeide_1.3.0/stm32cubeide/plugins/com.st.stm32cube.ide.mcu.externaltools.gnu-tools-for-stm32.7-2018-q2-update.win32_1.4.0.202007081208/tools/bin/../lib/gcc/arm-none-eabi/7.3.1/thumb/v7e-m/fpv4-sp/hard/crti.o
 .data          0x0000000000000000        0x4 c:/st/stm32cubeide_1.3.0/stm32cubeide/plugins/com.st.stm32cube.ide.mcu.externaltools.gnu-tools-for-stm32.7-2018-q2-update.win32_1.4.0.202007081208/tools/bin/../lib/gcc/arm-none-eabi/7.3.1/thumb/v7e-m/fpv4-sp/hard/crtbegin.o
 .text          0x0000000000000000       0x74 c:/st/stm32cubeide_1.3.0/stm32cubeide/plugins/com.st.stm32cube.ide.mcu.externaltools.gnu-tools-for-stm32.7-2018-q2-update.win32_1.4.0.202007081208/tools/bin/../lib/gcc/arm-none-eabi/7.3.1/../../../../arm-none-eabi/lib/thumb/v7e-m/fpv4-sp/hard/crt0.o
 .data          0x0000000000000000        0x0 c:/st/stm32cubeide_1.3.0/stm32cubeide/plugins/com.st.stm32cube.ide.mcu.externaltools.gnu-tools-for-stm32.7-2018-q2-update.win32_1.4.0.202007081208/tools/bin/../lib/gcc/arm-none-eabi/7.3.1/../../../../arm-none-eabi/lib/thumb/v7e-m/fpv4-sp/hard/crt0.o
 .bss           0x0000000000000000        0x0 c:/st/stm32cubeide_1.3.0/stm32cubeide/plugins/com.st.stm32cube.ide.mcu.externaltools.gnu-tools-for-stm32.7-2018-q2-update.win32_1.4.0.202007081208/tools/bin/../lib/gcc/arm-none-eabi/7.3.1/../../../../arm-none-eabi/lib/thumb/v7e-m/fpv4-sp/hard/crt0.o
[...]
Memory Configuration

Name             Origin             Length             Attributes
FLASH            0x0000000008000000 0x0000000000010000 xr
CCMRAM           0x0000000010000000 0x0000000000001000 xrw
RAM              0x0000000020000000 0x0000000000003000 xrw
*default*        0x0000000000000000 0xffffffffffffffff

Linker script and memory map

LOAD c:/st/stm32cubeide_1.3.0/stm32cubeide/plugins/com.st.stm32cube.ide.mcu.externaltools.gnu-tools-for-stm32.7-2018-q2-update.win32_1.4.0.202007081208/tools/bin/../lib/gcc/arm-none-eabi/7.3.1/thumb/v7e-m/fpv4-sp/hard/crti.o
LOAD c:/st/stm32cubeide_1.3.0/stm32cubeide/plugins/com.st.stm32cube.ide.mcu.externaltools.gnu-tools-for-stm32.7-2018-q2-update.win32_1.4.0.202007081208/tools/bin/../lib/gcc/arm-none-eabi/7.3.1/thumb/v7e-m/fpv4-sp/hard/crtbegin.o
LOAD c:/st/stm32cubeide_1.3.0/stm32cubeide/plugins/com.st.stm32cube.ide.mcu.externaltools.gnu-tools-for-stm32.7-2018-q2-update.win32_1.4.0.202007081208/tools/bin/../lib/gcc/arm-none-eabi/7.3.1/../../../../arm-none-eabi/lib/thumb/v7e-m/fpv4-sp/hard/crt0.o
LOAD Drivers/STM32F3xx_HAL_Driver/Src/stm32f3xx_ll_exti.o
LOAD Drivers/STM32F3xx_HAL_Driver/Src/stm32f3xx_ll_gpio.o
LOAD Drivers/STM32F3xx_HAL_Driver/Src/stm32f3xx_ll_rcc.o
LOAD Drivers/STM32F3xx_HAL_Driver/Src/stm32f3xx_ll_tim.o
LOAD Drivers/STM32F3xx_HAL_Driver/Src/stm32f3xx_ll_utils.o
LOAD Src/display.o
LOAD Src/gpio.o
LOAD Src/main.o
LOAD Src/stm32f3xx_it.o
LOAD Src/syscalls.o
LOAD Src/sysmem.o
LOAD Src/system_stm32f3xx.o
LOAD Src/tim.o
LOAD Startup/startup_stm32f303k8tx.o
START GROUP
LOAD c:/st/stm32cubeide_1.3.0/stm32cubeide/plugins/com.st.stm32cube.ide.mcu.externaltools.gnu-tools-for-stm32.7-2018-q2-update.win32_1.4.0.202007081208/tools/bin/../lib/gcc/arm-none-eabi/7.3.1/../../../../arm-none-eabi/lib/thumb/v7e-m/fpv4-sp/hard\libc_nano.a
LOAD c:/st/stm32cubeide_1.3.0/stm32cubeide/plugins/com.st.stm32cube.ide.mcu.externaltools.gnu-tools-for-stm32.7-2018-q2-update.win32_1.4.0.202007081208/tools/bin/../lib/gcc/arm-none-eabi/7.3.1/../../../../arm-none-eabi/lib/thumb/v7e-m/fpv4-sp/hard\libm.a
END GROUP
START GROUP
LOAD c:/st/stm32cubeide_1.3.0/stm32cubeide/plugins/com.st.stm32cube.ide.mcu.externaltools.gnu-tools-for-stm32.7-2018-q2-update.win32_1.4.0.202007081208/tools/bin/../lib/gcc/arm-none-eabi/7.3.1/thumb/v7e-m/fpv4-sp/hard\libgcc.a
LOAD c:/st/stm32cubeide_1.3.0/stm32cubeide/plugins/com.st.stm32cube.ide.mcu.externaltools.gnu-tools-for-stm32.7-2018-q2-update.win32_1.4.0.202007081208/tools/bin/../lib/gcc/arm-none-eabi/7.3.1/../../../../arm-none-eabi/lib/thumb/v7e-m/fpv4-sp/hard\libc_nano.a
END GROUP
START GROUP
LOAD c:/st/stm32cubeide_1.3.0/stm32cubeide/plugins/com.st.stm32cube.ide.mcu.externaltools.gnu-tools-for-stm32.7-2018-q2-update.win32_1.4.0.202007081208/tools/bin/../lib/gcc/arm-none-eabi/7.3.1/thumb/v7e-m/fpv4-sp/hard\libgcc.a
LOAD c:/st/stm32cubeide_1.3.0/stm32cubeide/plugins/com.st.stm32cube.ide.mcu.externaltools.gnu-tools-for-stm32.7-2018-q2-update.win32_1.4.0.202007081208/tools/bin/../lib/gcc/arm-none-eabi/7.3.1/../../../../arm-none-eabi/lib/thumb/v7e-m/fpv4-sp/hard\libc_nano.a
LOAD c:/st/stm32cubeide_1.3.0/stm32cubeide/plugins/com.st.stm32cube.ide.mcu.externaltools.gnu-tools-for-stm32.7-2018-q2-update.win32_1.4.0.202007081208/tools/bin/../lib/gcc/arm-none-eabi/7.3.1/../../../../arm-none-eabi/lib/thumb/v7e-m/fpv4-sp/hard\libnosys.a
END GROUP
START GROUP
LOAD c:/st/stm32cubeide_1.3.0/stm32cubeide/plugins/com.st.stm32cube.ide.mcu.externaltools.gnu-tools-for-stm32.7-2018-q2-update.win32_1.4.0.202007081208/tools/bin/../lib/gcc/arm-none-eabi/7.3.1/thumb/v7e-m/fpv4-sp/hard\libgcc.a
LOAD c:/st/stm32cubeide_1.3.0/stm32cubeide/plugins/com.st.stm32cube.ide.mcu.externaltools.gnu-tools-for-stm32.7-2018-q2-update.win32_1.4.0.202007081208/tools/bin/../lib/gcc/arm-none-eabi/7.3.1/../../../../arm-none-eabi/lib/thumb/v7e-m/fpv4-sp/hard\libc_nano.a
LOAD c:/st/stm32cubeide_1.3.0/stm32cubeide/plugins/com.st.stm32cube.ide.mcu.externaltools.gnu-tools-for-stm32.7-2018-q2-update.win32_1.4.0.202007081208/tools/bin/../lib/gcc/arm-none-eabi/7.3.1/../../../../arm-none-eabi/lib/thumb/v7e-m/fpv4-sp/hard\libnosys.a
END GROUP
LOAD c:/st/stm32cubeide_1.3.0/stm32cubeide/plugins/com.st.stm32cube.ide.mcu.externaltools.gnu-tools-for-stm32.7-2018-q2-update.win32_1.4.0.202007081208/tools/bin/../lib/gcc/arm-none-eabi/7.3.1/thumb/v7e-m/fpv4-sp/hard/crtend.o
LOAD c:/st/stm32cubeide_1.3.0/stm32cubeide/plugins/com.st.stm32cube.ide.mcu.externaltools.gnu-tools-for-stm32.7-2018-q2-update.win32_1.4.0.202007081208/tools/bin/../lib/gcc/arm-none-eabi/7.3.1/thumb/v7e-m/fpv4-sp/hard/crtn.o
                0x0000000020003000                _estack = 0x20003000
                0x0000000000000200                _Min_Heap_Size = 0x200
                0x0000000000000400                _Min_Stack_Size = 0x400

.isr_vector     0x0000000008000000      0x188
                0x0000000008000000                . = ALIGN (0x4)
 *(.isr_vector)
 .isr_vector    0x0000000008000000      0x188 Startup/startup_stm32f303k8tx.o
                0x0000000008000000                g_pfnVectors
                0x0000000008000188                . = ALIGN (0x4)

.text           0x0000000008000188     0x2a50
                0x0000000008000188                . = ALIGN (0x4)
 *(.text)
 .text          0x0000000008000188       0x40 c:/st/stm32cubeide_1.3.0/stm32cubeide/plugins/com.st.stm32cube.ide.mcu.externaltools.gnu-tools-for-stm32.7-2018-q2-update.win32_1.4.0.202007081208/tools/bin/../lib/gcc/arm-none-eabi/7.3.1/thumb/v7e-m/fpv4-sp/hard/crtbegin.o
 *(.text*)
 .text.LL_EXTI_EnableIT_0_31
                0x00000000080001c8       0x24 Drivers/STM32F3xx_HAL_Driver/Src/stm32f3xx_ll_exti.o
 .text.LL_EXTI_EnableIT_32_63
                0x00000000080001ec       0x24 Drivers/STM32F3xx_HAL_Driver/Src/stm32f3xx_ll_exti.o
 .text.LL_EXTI_DisableIT_0_31
                0x0000000008000210       0x28 Drivers/STM32F3xx_HAL_Driver/Src/stm32f3xx_ll_exti.o
 .text.LL_EXTI_DisableIT_32_63
                0x0000000008000238       0x28 Drivers/STM32F3xx_HAL_Driver/Src/stm32f3xx_ll_exti.o
 .text.LL_EXTI_EnableEvent_0_31
                0x0000000008000260       0x24 Drivers/STM32F3xx_HAL_Driver/Src/stm32f3xx_ll_exti.o
 .text.LL_EXTI_EnableEvent_32_63
                0x0000000008000284       0x24 Drivers/STM32F3xx_HAL_Driver/Src/stm32f3xx_ll_exti.o
 .text.LL_EXTI_DisableEvent_0_31
                0x00000000080002a8       0x28 Drivers/STM32F3xx_HAL_Driver/Src/stm32f3xx_ll_exti.o
 .text.LL_EXTI_DisableEvent_32_63
                0x00000000080002d0       0x28 Drivers/STM32F3xx_HAL_Driver/Src/stm32f3xx_ll_exti.o
 .text.LL_EXTI_EnableRisingTrig_0_31
                0x00000000080002f8       0x24 Drivers/STM32F3xx_HAL_Driver/Src/stm32f3xx_ll_exti.o
 .text.LL_EXTI_EnableRisingTrig_32_63
                0x000000000800031c       0x24 Drivers/STM32F3xx_HAL_Driver/Src/stm32f3xx_ll_exti.o
 .text.LL_EXTI_DisableRisingTrig_0_31
                0x0000000008000340       0x28 Drivers/STM32F3xx_HAL_Driver/Src/stm32f3xx_ll_exti.o
 .text.LL_EXTI_DisableRisingTrig_32_63
                0x0000000008000368       0x28 Drivers/STM32F3xx_HAL_Driver/Src/stm32f3xx_ll_exti.o
 .text.LL_EXTI_EnableFallingTrig_0_31
                0x0000000008000390       0x24 Drivers/STM32F3xx_HAL_Driver/Src/stm32f3xx_ll_exti.o
 .text.LL_EXTI_EnableFallingTrig_32_63
                0x00000000080003b4       0x24 Drivers/STM32F3xx_HAL_Driver/Src/stm32f3xx_ll_exti.o
 .text.LL_EXTI_DisableFallingTrig_0_31
                0x00000000080003d8       0x28 Drivers/STM32F3xx_HAL_Driver/Src/stm32f3xx_ll_exti.o
 .text.LL_EXTI_DisableFallingTrig_32_63
                0x0000000008000400       0x28 Drivers/STM32F3xx_HAL_Driver/Src/stm32f3xx_ll_exti.o
 .text.LL_EXTI_Init
                0x0000000008000428      0x1d0 Drivers/STM32F3xx_HAL_Driver/Src/stm32f3xx_ll_exti.o
                0x0000000008000428                LL_EXTI_Init
 .text.LL_GPIO_SetPinMode
                0x00000000080005f8       0x5a Drivers/STM32F3xx_HAL_Driver/Src/stm32f3xx_ll_gpio.o
 .text.LL_GPIO_SetPinOutputType
                0x0000000008000652       0x30 Drivers/STM32F3xx_HAL_Driver/Src/stm32f3xx_ll_gpio.o
 .text.LL_GPIO_SetPinSpeed
                0x0000000008000682       0x5a Drivers/STM32F3xx_HAL_Driver/Src/stm32f3xx_ll_gpio.o
 .text.LL_GPIO_SetPinPull
                0x00000000080006dc       0x5a Drivers/STM32F3xx_HAL_Driver/Src/stm32f3xx_ll_gpio.o
 .text.LL_GPIO_SetAFPin_0_7
                0x0000000008000736       0x5a Drivers/STM32F3xx_HAL_Driver/Src/stm32f3xx_ll_gpio.o
 .text.LL_GPIO_SetAFPin_8_15
                0x0000000008000790       0x5e Drivers/STM32F3xx_HAL_Driver/Src/stm32f3xx_ll_gpio.o
 .text.LL_GPIO_Init
                0x00000000080007ee       0xf4 Drivers/STM32F3xx_HAL_Driver/Src/stm32f3xx_ll_gpio.o
                0x00000000080007ee                LL_GPIO_Init
 .text.LL_TIM_SetPrescaler
                0x00000000080008e2       0x1c Drivers/STM32F3xx_HAL_Driver/Src/stm32f3xx_ll_tim.o
 .text.LL_TIM_SetAutoReload
                0x00000000080008fe       0x1c Drivers/STM32F3xx_HAL_Driver/Src/stm32f3xx_ll_tim.o
 .text.LL_TIM_SetRepetitionCounter
                0x000000000800091a       0x1c Drivers/STM32F3xx_HAL_Driver/Src/stm32f3xx_ll_tim.o
 .text.LL_TIM_OC_SetCompareCH1
                0x0000000008000936       0x1c Drivers/STM32F3xx_HAL_Driver/Src/stm32f3xx_ll_tim.o
 .text.LL_TIM_OC_SetCompareCH2
                0x0000000008000952       0x1c Drivers/STM32F3xx_HAL_Driver/Src/stm32f3xx_ll_tim.o
 .text.LL_TIM_OC_SetCompareCH3
                0x000000000800096e       0x1c Drivers/STM32F3xx_HAL_Driver/Src/stm32f3xx_ll_tim.o
 .text.LL_TIM_OC_SetCompareCH4
                0x000000000800098a       0x1c Drivers/STM32F3xx_HAL_Driver/Src/stm32f3xx_ll_tim.o
 .text.LL_TIM_OC_SetCompareCH5
                0x00000000080009a6       0x1c Drivers/STM32F3xx_HAL_Driver/Src/stm32f3xx_ll_tim.o
 .text.LL_TIM_OC_SetCompareCH6
                0x00000000080009c2       0x1c Drivers/STM32F3xx_HAL_Driver/Src/stm32f3xx_ll_tim.o
 .text.LL_TIM_GenerateEvent_UPDATE
                0x00000000080009de       0x20 Drivers/STM32F3xx_HAL_Driver/Src/stm32f3xx_ll_tim.o
 *fill*         0x00000000080009fe        0x2 
 .text.LL_TIM_Init
                0x0000000008000a00       0xe8 Drivers/STM32F3xx_HAL_Driver/Src/stm32f3xx_ll_tim.o
                0x0000000008000a00                LL_TIM_Init
 .text.LL_TIM_OC_Init
                0x0000000008000ae8       0x9a Drivers/STM32F3xx_HAL_Driver/Src/stm32f3xx_ll_tim.o
                0x0000000008000ae8                LL_TIM_OC_Init
 *fill*         0x0000000008000b82        0x2 
 .text.OC1Config
                0x0000000008000b84      0x100 Drivers/STM32F3xx_HAL_Driver/Src/stm32f3xx_ll_tim.o
 .text.OC2Config
                0x0000000008000c84      0x108 Drivers/STM32F3xx_HAL_Driver/Src/stm32f3xx_ll_tim.o
 .text.OC3Config
                0x0000000008000d8c      0x108 Drivers/STM32F3xx_HAL_Driver/Src/stm32f3xx_ll_tim.o
 .text.OC4Config
                0x0000000008000e94       0xd8 Drivers/STM32F3xx_HAL_Driver/Src/stm32f3xx_ll_tim.o
 .text.OC5Config
                0x0000000008000f6c       0xc4 Drivers/STM32F3xx_HAL_Driver/Src/stm32f3xx_ll_tim.o
 .text.OC6Config
                0x0000000008001030       0xc4 Drivers/STM32F3xx_HAL_Driver/Src/stm32f3xx_ll_tim.o
 .text.LL_InitTick
                0x00000000080010f4       0x34 Drivers/STM32F3xx_HAL_Driver/Src/stm32f3xx_ll_utils.o
 .text.LL_Init1msTick
                0x0000000008001128       0x1a Drivers/STM32F3xx_HAL_Driver/Src/stm32f3xx_ll_utils.o
                0x0000000008001128                LL_Init1msTick
 *fill*         0x0000000008001142        0x2 
 .text.LL_mDelay
                0x0000000008001144       0x48 Drivers/STM32F3xx_HAL_Driver/Src/stm32f3xx_ll_utils.o
                0x0000000008001144                LL_mDelay
 .text.LL_SetSystemCoreClock
                0x000000000800118c       0x20 Drivers/STM32F3xx_HAL_Driver/Src/stm32f3xx_ll_utils.o
                0x000000000800118c                LL_SetSystemCoreClock
 .text.LL_TIM_ClearFlag_UPDATE
                0x00000000080011ac       0x1c Src/display.o
 .text.LL_TIM_IsActiveFlag_UPDATE
                0x00000000080011c8       0x26 Src/display.o
 .text.LL_GPIO_SetOutputPin
                0x00000000080011ee       0x1c Src/display.o
 .text.LL_GPIO_ResetOutputPin
                0x000000000800120a       0x1c Src/display.o
 *fill*         0x0000000008001226        0x2 
 .text.resetSegments
                0x0000000008001228       0x5c Src/display.o
                0x0000000008001228                resetSegments
 .text.setSegments
                0x0000000008001284       0x5c Src/display.o
                0x0000000008001284                setSegments
 .text.resetDigits
                0x00000000080012e0       0x40 Src/display.o
                0x00000000080012e0                resetDigits
 .text.setDigits
                0x0000000008001320       0x40 Src/display.o
                0x0000000008001320                setDigits
 .text.setOne   0x0000000008001360       0x1e Src/display.o
                0x0000000008001360                setOne
 *fill*         0x000000000800137e        0x2 
 .text.setTwo   0x0000000008001380       0x3c Src/display.o
                0x0000000008001380                setTwo
 .text.setThree
                0x00000000080013bc       0x3c Src/display.o
                0x00000000080013bc                setThree
 .text.setFour  0x00000000080013f8       0x34 Src/display.o
                0x00000000080013f8                setFour
 .text.setFive  0x000000000800142c       0x3c Src/display.o
                0x000000000800142c                setFive
 .text.setSix   0x0000000008001468       0x48 Src/display.o
                0x0000000008001468                setSix
 .text.setSeven
                0x00000000080014b0       0x28 Src/display.o
                0x00000000080014b0                setSeven
 .text.setEight
                0x00000000080014d8       0x54 Src/display.o
                0x00000000080014d8                setEight
 .text.setNine  0x000000000800152c       0x40 Src/display.o
                0x000000000800152c                setNine
 .text.setZero  0x000000000800156c       0x4c Src/display.o
                0x000000000800156c                setZero
 .text.setMedzera
                0x00000000080015b8       0x14 Src/display.o
                0x00000000080015b8                setMedzera
 .text.setA     0x00000000080015cc       0x4c Src/display.o
                0x00000000080015cc                setA
 .text.setB     0x0000000008001618       0x54 Src/display.o
                0x0000000008001618                setB
 .text.setC     0x000000000800166c       0x34 Src/display.o
                0x000000000800166c                setC
 .text.setD     0x00000000080016a0       0x4c Src/display.o
                0x00000000080016a0                setD
 .text.setE     0x00000000080016ec       0x3c Src/display.o
                0x00000000080016ec                setE
 .text.setF     0x0000000008001728       0x34 Src/display.o
                0x0000000008001728                setF
 .text.setG     0x000000000800175c       0x40 Src/display.o
                0x000000000800175c                setG
 .text.setH     0x000000000800179c       0x40 Src/display.o
                0x000000000800179c                setH
 .text.setI     0x00000000080017dc       0x1e Src/display.o
                0x00000000080017dc                setI
 *fill*         0x00000000080017fa        0x2 
 .text.setJ     0x00000000080017fc       0x38 Src/display.o
                0x00000000080017fc                setJ
 .text.setK     0x0000000008001834       0x2c Src/display.o
                0x0000000008001834                setK
 .text.setL     0x0000000008001860       0x2c Src/display.o
                0x0000000008001860                setL
 .text.setM     0x000000000800188c       0x34 Src/display.o
                0x000000000800188c                setM
 .text.setN     0x00000000080018c0       0x2c Src/display.o
                0x00000000080018c0                setN
 .text.setO     0x00000000080018ec       0x4c Src/display.o
                0x00000000080018ec                setO
 .text.setP     0x0000000008001938       0x40 Src/display.o
                0x0000000008001938                setP
 .text.setR     0x0000000008001978       0x20 Src/display.o
                0x0000000008001978                setR
 .text.setS     0x0000000008001998       0x3c Src/display.o
                0x0000000008001998                setS
 .text.setT     0x00000000080019d4       0x34 Src/display.o
                0x00000000080019d4                setT
 .text.setU     0x0000000008001a08       0x40 Src/display.o
                0x0000000008001a08                setU
 .text.setV     0x0000000008001a48       0x2c Src/display.o
                0x0000000008001a48                setV
 .text.setW     0x0000000008001a74       0x3c Src/display.o
                0x0000000008001a74                setW
 .text.setX     0x0000000008001ab0       0x2c Src/display.o
                0x0000000008001ab0                setX
 .text.setY     0x0000000008001adc       0x3c Src/display.o
                0x0000000008001adc                setY
 .text.setZ     0x0000000008001b18       0x3c Src/display.o
                0x0000000008001b18                setZ
 .text.updateDisplay
                0x0000000008001b54      0x310 Src/display.o
                0x0000000008001b54                updateDisplay
 .text.TIM3_IRQHandler
                0x0000000008001e64       0x24 Src/display.o
                0x0000000008001e64                TIM3_IRQHandler
 .text.NVIC_GetPriorityGrouping
                0x0000000008001e88       0x1c Src/gpio.o
 .text.NVIC_EnableIRQ
                0x0000000008001ea4       0x34 Src/gpio.o
 .text.NVIC_SetPriority
                0x0000000008001ed8       0x54 Src/gpio.o
 .text.NVIC_EncodePriority
                0x0000000008001f2c       0x66 Src/gpio.o
 *fill*         0x0000000008001f92        0x2 
 .text.LL_AHB1_GRP1_EnableClock
                0x0000000008001f94       0x30 Src/gpio.o
 .text.LL_SYSCFG_SetEXTISource
                0x0000000008001fc4       0x58 Src/gpio.o
 .text.LL_GPIO_SetPinMode
                0x000000000800201c       0x5a Src/gpio.o
 .text.LL_GPIO_SetPinPull
                0x0000000008002076       0x5a Src/gpio.o
 .text.LL_GPIO_ResetOutputPin
                0x00000000080020d0       0x1c Src/gpio.o
 .text.MX_GPIO_Init
                0x00000000080020ec       0xf0 Src/gpio.o
                0x00000000080020ec                MX_GPIO_Init
 .text.NVIC_SetPriorityGrouping
                0x00000000080021dc       0x48 Src/main.o
 .text.LL_RCC_HSI_Enable
                0x0000000008002224       0x20 Src/main.o
 .text.LL_RCC_HSI_IsReady
                0x0000000008002244       0x24 Src/main.o
 .text.LL_RCC_HSI_SetCalibTrimming
                0x0000000008002268       0x2c Src/main.o
 .text.LL_RCC_SetSysClkSource
                0x0000000008002294       0x28 Src/main.o
 .text.LL_RCC_GetSysClkSource
                0x00000000080022bc       0x1c Src/main.o
 .text.LL_RCC_SetAHBPrescaler
                0x00000000080022d8       0x28 Src/main.o
 .text.LL_RCC_SetAPB1Prescaler
                0x0000000008002300       0x28 Src/main.o
 .text.LL_RCC_SetAPB2Prescaler
                0x0000000008002328       0x28 Src/main.o
 .text.LL_APB1_GRP1_EnableClock
                0x0000000008002350       0x30 Src/main.o
 .text.LL_APB2_GRP1_EnableClock
                0x0000000008002380       0x30 Src/main.o
 .text.LL_FLASH_SetLatency
                0x00000000080023b0       0x28 Src/main.o
 .text.LL_FLASH_GetLatency
                0x00000000080023d8       0x1c Src/main.o
 .text.LL_SYSTICK_SetClkSource
                0x00000000080023f4       0x38 Src/main.o
 .text.LL_SYSTICK_EnableIT
                0x000000000800242c       0x20 Src/main.o
 .text.main     0x000000000800244c       0xac Src/main.o
                0x000000000800244c                main
 .text.SystemClock_Config
                0x00000000080024f8       0x70 Src/main.o
                0x00000000080024f8                SystemClock_Config
 .text.Error_Handler
                0x0000000008002568        0xe Src/main.o
                0x0000000008002568                Error_Handler
 *fill*         0x0000000008002576        0x2 
 .text.LL_EXTI_IsActiveFlag_0_31
                0x0000000008002578       0x2c Src/stm32f3xx_it.o
 .text.LL_EXTI_ClearFlag_0_31
                0x00000000080025a4       0x20 Src/stm32f3xx_it.o
 .text.LL_GPIO_IsInputPinSet
                0x00000000080025c4       0x2a Src/stm32f3xx_it.o
 .text.NMI_Handler
                0x00000000080025ee        0xe Src/stm32f3xx_it.o
                0x00000000080025ee                NMI_Handler
 .text.HardFault_Handler
                0x00000000080025fc        0x6 Src/stm32f3xx_it.o
                0x00000000080025fc                HardFault_Handler
 .text.MemManage_Handler
                0x0000000008002602        0x6 Src/stm32f3xx_it.o
                0x0000000008002602                MemManage_Handler
 .text.BusFault_Handler
                0x0000000008002608        0x6 Src/stm32f3xx_it.o
                0x0000000008002608                BusFault_Handler
 .text.UsageFault_Handler
                0x000000000800260e        0x6 Src/stm32f3xx_it.o
                0x000000000800260e                UsageFault_Handler
 .text.SVC_Handler
                0x0000000008002614        0xe Src/stm32f3xx_it.o
                0x0000000008002614                SVC_Handler
 .text.DebugMon_Handler
                0x0000000008002622        0xe Src/stm32f3xx_it.o
                0x0000000008002622                DebugMon_Handler
 .text.PendSV_Handler
                0x0000000008002630        0xe Src/stm32f3xx_it.o
                0x0000000008002630                PendSV_Handler
 *fill*         0x000000000800263e        0x2 
 .text.SysTick_Handler
                0x0000000008002640       0x24 Src/stm32f3xx_it.o
                0x0000000008002640                SysTick_Handler
 .text.check_button_state
                0x0000000008002664       0x64 Src/stm32f3xx_it.o
                0x0000000008002664                check_button_state
 .text.EXTI3_IRQHandler
                0x00000000080026c8       0x4c Src/stm32f3xx_it.o
                0x00000000080026c8                EXTI3_IRQHandler
 .text.SystemInit
                0x0000000008002714       0x94 Src/system_stm32f3xx.o
                0x0000000008002714                SystemInit
 .text.NVIC_GetPriorityGrouping
                0x00000000080027a8       0x1c Src/tim.o
 .text.NVIC_EnableIRQ
                0x00000000080027c4       0x34 Src/tim.o
 .text.NVIC_SetPriority
                0x00000000080027f8       0x54 Src/tim.o
 .text.NVIC_EncodePriority
                0x000000000800284c       0x66 Src/tim.o
 *fill*         0x00000000080028b2        0x2 
 .text.LL_APB1_GRP1_EnableClock
                0x00000000080028b4       0x30 Src/tim.o
 .text.LL_TIM_EnableCounter
                0x00000000080028e4       0x20 Src/tim.o
 .text.LL_TIM_EnableARRPreload
                0x0000000008002904       0x20 Src/tim.o
 .text.LL_TIM_OC_DisableFast
                0x0000000008002924       0x9c Src/tim.o
 .text.LL_TIM_SetClockSource
                0x00000000080029c0       0x2a Src/tim.o
 .text.LL_TIM_SetTriggerOutput
                0x00000000080029ea       0x26 Src/tim.o
 .text.LL_TIM_DisableMasterSlaveMode
                0x0000000008002a10       0x20 Src/tim.o
 .text.LL_TIM_EnableIT_UPDATE
                0x0000000008002a30       0x20 Src/tim.o
 .text.MX_TIM3_Init
                0x0000000008002a50       0xc4 Src/tim.o
                0x0000000008002a50                MX_TIM3_Init
 .text.Reset_Handler
                0x0000000008002b14       0x50 Startup/startup_stm32f303k8tx.o
                0x0000000008002b14                Reset_Handler
 .text.Default_Handler
                0x0000000008002b64        0x2 Startup/startup_stm32f303k8tx.o
                0x0000000008002b64                RTC_Alarm_IRQHandler
                0x0000000008002b64                TIM1_CC_IRQHandler
                0x0000000008002b64                PVD_IRQHandler
                0x0000000008002b64                TAMP_STAMP_IRQHandler
                0x0000000008002b64                EXTI0_IRQHandler
                0x0000000008002b64                FPU_IRQHandler
                0x0000000008002b64                CAN_TX_IRQHandler
                0x0000000008002b64                TIM1_UP_TIM16_IRQHandler
                0x0000000008002b64                ADC1_2_IRQHandler
                0x0000000008002b64                SPI1_IRQHandler
                0x0000000008002b64                CAN_SCE_IRQHandler
                0x0000000008002b64                DMA1_Channel4_IRQHandler
                0x0000000008002b64                USART3_IRQHandler
                0x0000000008002b64                DMA1_Channel7_IRQHandler
                0x0000000008002b64                TIM7_DAC2_IRQHandler
                0x0000000008002b64                CAN_RX1_IRQHandler
                0x0000000008002b64                I2C1_EV_IRQHandler
                0x0000000008002b64                DMA1_Channel6_IRQHandler
                0x0000000008002b64                RCC_IRQHandler
                0x0000000008002b64                DMA1_Channel1_IRQHandler
                0x0000000008002b64                Default_Handler
                0x0000000008002b64                EXTI15_10_IRQHandler
                0x0000000008002b64                COMP2_IRQHandler
                0x0000000008002b64                TIM6_DAC1_IRQHandler
                0x0000000008002b64                EXTI9_5_IRQHandler
                0x0000000008002b64                RTC_WKUP_IRQHandler
                0x0000000008002b64                DMA1_Channel5_IRQHandler
                0x0000000008002b64                EXTI4_IRQHandler
                0x0000000008002b64                TIM1_TRG_COM_TIM17_IRQHandler
                0x0000000008002b64                DMA1_Channel3_IRQHandler
                0x0000000008002b64                WWDG_IRQHandler
                0x0000000008002b64                TIM2_IRQHandler
                0x0000000008002b64                EXTI1_IRQHandler
                0x0000000008002b64                COMP4_6_IRQHandler
                0x0000000008002b64                USART2_IRQHandler
                0x0000000008002b64                DMA1_Channel2_IRQHandler
                0x0000000008002b64                FLASH_IRQHandler
                0x0000000008002b64                USART1_IRQHandler
                0x0000000008002b64                CAN_RX0_IRQHandler
                0x0000000008002b64                I2C1_ER_IRQHandler
                0x0000000008002b64                EXTI2_TSC_IRQHandler
                0x0000000008002b64                TIM1_BRK_TIM15_IRQHandler
 *fill*         0x0000000008002b66        0x2 
 .text.__libc_init_array
                0x0000000008002b68       0x48 c:/st/stm32cubeide_1.3.0/stm32cubeide/plugins/com.st.stm32cube.ide.mcu.externaltools.gnu-tools-for-stm32.7-2018-q2-update.win32_1.4.0.202007081208/tools/bin/../lib/gcc/arm-none-eabi/7.3.1/../../../../arm-none-eabi/lib/thumb/v7e-m/fpv4-sp/hard\libc_nano.a(lib_a-init.o)
                0x0000000008002b68                __libc_init_array
 .text.memset   0x0000000008002bb0       0x10 c:/st/stm32cubeide_1.3.0/stm32cubeide/plugins/com.st.stm32cube.ide.mcu.externaltools.gnu-tools-for-stm32.7-2018-q2-update.win32_1.4.0.202007081208/tools/bin/../lib/gcc/arm-none-eabi/7.3.1/../../../../arm-none-eabi/lib/thumb/v7e-m/fpv4-sp/hard\libc_nano.a(lib_a-memset.o)
                0x0000000008002bb0                memset
 *(.glue_7)
 .glue_7        0x0000000008002bc0        0x0 linker stubs
 *(.glue_7t)
 .glue_7t       0x0000000008002bc0        0x0 linker stubs
 *(.eh_frame)
 .eh_frame      0x0000000008002bc0        0x0 c:/st/stm32cubeide_1.3.0/stm32cubeide/plugins/com.st.stm32cube.ide.mcu.externaltools.gnu-tools-for-stm32.7-2018-q2-update.win32_1.4.0.202007081208/tools/bin/../lib/gcc/arm-none-eabi/7.3.1/thumb/v7e-m/fpv4-sp/hard/crtbegin.o
 *(.init)
 .init          0x0000000008002bc0        0x4 c:/st/stm32cubeide_1.3.0/stm32cubeide/plugins/com.st.stm32cube.ide.mcu.externaltools.gnu-tools-for-stm32.7-2018-q2-update.win32_1.4.0.202007081208/tools/bin/../lib/gcc/arm-none-eabi/7.3.1/thumb/v7e-m/fpv4-sp/hard/crti.o
                0x0000000008002bc0                _init
 .init          0x0000000008002bc4        0x8 c:/st/stm32cubeide_1.3.0/stm32cubeide/plugins/com.st.stm32cube.ide.mcu.externaltools.gnu-tools-for-stm32.7-2018-q2-update.win32_1.4.0.202007081208/tools/bin/../lib/gcc/arm-none-eabi/7.3.1/thumb/v7e-m/fpv4-sp/hard/crtn.o
 *(.fini)
 .fini          0x0000000008002bcc        0x4 c:/st/stm32cubeide_1.3.0/stm32cubeide/plugins/com.st.stm32cube.ide.mcu.externaltools.gnu-tools-for-stm32.7-2018-q2-update.win32_1.4.0.202007081208/tools/bin/../lib/gcc/arm-none-eabi/7.3.1/thumb/v7e-m/fpv4-sp/hard/crti.o
                0x0000000008002bcc                _fini
 .fini          0x0000000008002bd0        0x8 c:/st/stm32cubeide_1.3.0/stm32cubeide/plugins/com.st.stm32cube.ide.mcu.externaltools.gnu-tools-for-stm32.7-2018-q2-update.win32_1.4.0.202007081208/tools/bin/../lib/gcc/arm-none-eabi/7.3.1/thumb/v7e-m/fpv4-sp/hard/crtn.o
                0x0000000008002bd8                . = ALIGN (0x4)
                0x0000000008002bd8                _etext = .

.vfp11_veneer   0x0000000008002bd8        0x0
 .vfp11_veneer  0x0000000008002bd8        0x0 linker stubs

.v4_bx          0x0000000008002bd8        0x0
 .v4_bx         0x0000000008002bd8        0x0 linker stubs

.iplt           0x0000000008002bd8        0x0
 .iplt          0x0000000008002bd8        0x0 c:/st/stm32cubeide_1.3.0/stm32cubeide/plugins/com.st.stm32cube.ide.mcu.externaltools.gnu-tools-for-stm32.7-2018-q2-update.win32_1.4.0.202007081208/tools/bin/../lib/gcc/arm-none-eabi/7.3.1/thumb/v7e-m/fpv4-sp/hard/crtbegin.o

.rodata         0x0000000008002bd8       0x18
                0x0000000008002bd8                . = ALIGN (0x4)
 *(.rodata)
 *(.rodata*)
 .rodata.OFFSET_TAB_CCMRx
                0x0000000008002bd8        0x9 Src/tim.o
 *fill*         0x0000000008002be1        0x3 
 .rodata.SHIFT_TAB_OCxx
                0x0000000008002be4        0x9 Src/tim.o
                0x0000000008002bf0                . = ALIGN (0x4)
 *fill*         0x0000000008002bed        0x3 

.rel.dyn        0x0000000008002bf0        0x0
 .rel.iplt      0x0000000008002bf0        0x0 c:/st/stm32cubeide_1.3.0/stm32cubeide/plugins/com.st.stm32cube.ide.mcu.externaltools.gnu-tools-for-stm32.7-2018-q2-update.win32_1.4.0.202007081208/tools/bin/../lib/gcc/arm-none-eabi/7.3.1/thumb/v7e-m/fpv4-sp/hard/crtbegin.o

.ARM.extab      0x0000000008002bf0        0x0
                0x0000000008002bf0                . = ALIGN (0x4)
 *(.ARM.extab* .gnu.linkonce.armextab.*)
                0x0000000008002bf0                . = ALIGN (0x4)

.ARM            0x0000000008002bf0        0x0
                0x0000000008002bf0                . = ALIGN (0x4)
                0x0000000008002bf0                __exidx_start = .
 *(.ARM.exidx*)
                0x0000000008002bf0                __exidx_end = .
                0x0000000008002bf0                . = ALIGN (0x4)

.preinit_array  0x0000000008002bf0        0x0
                0x0000000008002bf0                . = ALIGN (0x4)
                0x0000000008002bf0                PROVIDE (__preinit_array_start = .)
 *(.preinit_array*)
                0x0000000008002bf0                PROVIDE (__preinit_array_end = .)
                0x0000000008002bf0                . = ALIGN (0x4)

.init_array     0x0000000008002bf0        0x4
                0x0000000008002bf0                . = ALIGN (0x4)
                0x0000000008002bf0                PROVIDE (__init_array_start = .)
 *(SORT_BY_NAME(.init_array.*))
 *(.init_array*)
 .init_array    0x0000000008002bf0        0x4 c:/st/stm32cubeide_1.3.0/stm32cubeide/plugins/com.st.stm32cube.ide.mcu.externaltools.gnu-tools-for-stm32.7-2018-q2-update.win32_1.4.0.202007081208/tools/bin/../lib/gcc/arm-none-eabi/7.3.1/thumb/v7e-m/fpv4-sp/hard/crtbegin.o
                0x0000000008002bf4                PROVIDE (__init_array_end = .)
                0x0000000008002bf4                . = ALIGN (0x4)

.fini_array     0x0000000008002bf4        0x4
                0x0000000008002bf4                . = ALIGN (0x4)
                [!provide]                        PROVIDE (__fini_array_start = .)
 *(SORT_BY_NAME(.fini_array.*))
 *(.fini_array*)
 .fini_array    0x0000000008002bf4        0x4 c:/st/stm32cubeide_1.3.0/stm32cubeide/plugins/com.st.stm32cube.ide.mcu.externaltools.gnu-tools-for-stm32.7-2018-q2-update.win32_1.4.0.202007081208/tools/bin/../lib/gcc/arm-none-eabi/7.3.1/thumb/v7e-m/fpv4-sp/hard/crtbegin.o
                [!provide]                        PROVIDE (__fini_array_end = .)
                0x0000000008002bf8                . = ALIGN (0x4)
                0x0000000008002bf8                _sidata = LOADADDR (.data)

.data           0x0000000020000000        0x4 load address 0x0000000008002bf8
                0x0000000020000000                . = ALIGN (0x4)
                0x0000000020000000                _sdata = .
 *(.data)
 *(.data*)
 .data.SystemCoreClock
                0x0000000020000000        0x4 Src/system_stm32f3xx.o
                0x0000000020000000                SystemCoreClock
                0x0000000020000004                . = ALIGN (0x4)
                0x0000000020000004                _edata = .

.igot.plt       0x0000000020000004        0x0 load address 0x0000000008002bfc
 .igot.plt      0x0000000020000004        0x0 c:/st/stm32cubeide_1.3.0/stm32cubeide/plugins/com.st.stm32cube.ide.mcu.externaltools.gnu-tools-for-stm32.7-2018-q2-update.win32_1.4.0.202007081208/tools/bin/../lib/gcc/arm-none-eabi/7.3.1/thumb/v7e-m/fpv4-sp/hard/crtbegin.o
                0x0000000020000004                . = ALIGN (0x4)

.bss            0x0000000020000008       0x50 load address 0x0000000008002bfc
                0x0000000020000008                _sbss = .
                0x0000000020000008                __bss_start__ = _sbss
 *(.bss)
 .bss           0x0000000020000008       0x1c c:/st/stm32cubeide_1.3.0/stm32cubeide/plugins/com.st.stm32cube.ide.mcu.externaltools.gnu-tools-for-stm32.7-2018-q2-update.win32_1.4.0.202007081208/tools/bin/../lib/gcc/arm-none-eabi/7.3.1/thumb/v7e-m/fpv4-sp/hard/crtbegin.o
 *(.bss*)
 *fill*         0x0000000020000024        0x4 
 .bss.disp_time
                0x0000000020000028        0x8 Src/display.o
                0x0000000020000028                disp_time
 .bss.disp_time_saved
                0x0000000020000030        0x8 Src/display.o
                0x0000000020000030                disp_time_saved
 *(COMMON)
 COMMON         0x0000000020000038       0x20 Src/main.o
                0x0000000020000038                menu
                0x000000002000003c                vypis
                0x000000002000004c                interrupt
                0x0000000020000050                saved_time
                0x0000000020000058                . = ALIGN (0x4)
                0x0000000020000058                _ebss = .
                0x0000000020000058                __bss_end__ = _ebss

._user_heap_stack
                0x0000000020000058      0x600 load address 0x0000000008002bfc
                0x0000000020000058                . = ALIGN (0x8)
                0x0000000020000058                PROVIDE (end = .)
                [!provide]                        PROVIDE (_end = .)
                0x0000000020000258                . = (. + _Min_Heap_Size)
 *fill*         0x0000000020000058      0x200 
                0x0000000020000658                . = (. + _Min_Stack_Size)
 *fill*         0x0000000020000258      0x400 
                0x0000000020000658                . = ALIGN (0x8)

/DISCARD/
 libc.a(*)
 libm.a(*)
 libgcc.a(*)

.ARM.attributes
                0x0000000000000000       0x30
 *(.ARM.attributes)
 .ARM.attributes
                0x0000000000000000       0x22 c:/st/stm32cubeide_1.3.0/stm32cubeide/plugins/com.st.stm32cube.ide.mcu.externaltools.gnu-tools-for-stm32.7-2018-q2-update.win32_1.4.0.202007081208/tools/bin/../lib/gcc/arm-none-eabi/7.3.1/thumb/v7e-m/fpv4-sp/hard/crti.o
 .ARM.attributes
                0x0000000000000022       0x34 c:/st/stm32cubeide_1.3.0/stm32cubeide/plugins/com.st.stm32cube.ide.mcu.externaltools.gnu-tools-for-stm32.7-2018-q2-update.win32_1.4.0.202007081208/tools/bin/../lib/gcc/arm-none-eabi/7.3.1/thumb/v7e-m/fpv4-sp/hard/crtbegin.o
 .ARM.attributes
                0x0000000000000056       0x39 Drivers/STM32F3xx_HAL_Driver/Src/stm32f3xx_ll_exti.o
 .ARM.attributes
                0x000000000000008f       0x39 Drivers/STM32F3xx_HAL_Driver/Src/stm32f3xx_ll_gpio.o
 .ARM.attributes
                0x00000000000000c8       0x39 Drivers/STM32F3xx_HAL_Driver/Src/stm32f3xx_ll_tim.o
 .ARM.attributes
                0x0000000000000101       0x39 Drivers/STM32F3xx_HAL_Driver/Src/stm32f3xx_ll_utils.o
 .ARM.attributes
                0x000000000000013a       0x39 Src/display.o
 .ARM.attributes
                0x0000000000000173       0x39 Src/gpio.o
 .ARM.attributes
                0x00000000000001ac       0x39 Src/main.o
 .ARM.attributes
                0x00000000000001e5       0x39 Src/stm32f3xx_it.o
 .ARM.attributes
                0x000000000000021e       0x39 Src/system_stm32f3xx.o
 .ARM.attributes
                0x0000000000000257       0x39 Src/tim.o
 .ARM.attributes
                0x0000000000000290       0x21 Startup/startup_stm32f303k8tx.o
 .ARM.attributes
                0x00000000000002b1       0x34 c:/st/stm32cubeide_1.3.0/stm32cubeide/plugins/com.st.stm32cube.ide.mcu.externaltools.gnu-tools-for-stm32.7-2018-q2-update.win32_1.4.0.202007081208/tools/bin/../lib/gcc/arm-none-eabi/7.3.1/../../../../arm-none-eabi/lib/thumb/v7e-m/fpv4-sp/hard\libc_nano.a(lib_a-init.o)
 .ARM.attributes
                0x00000000000002e5       0x34 c:/st/stm32cubeide_1.3.0/stm32cubeide/plugins/com.st.stm32cube.ide.mcu.externaltools.gnu-tools-for-stm32.7-2018-q2-update.win32_1.4.0.202007081208/tools/bin/../lib/gcc/arm-none-eabi/7.3.1/../../../../arm-none-eabi/lib/thumb/v7e-m/fpv4-sp/hard\libc_nano.a(lib_a-memset.o)
 .ARM.attributes
                0x0000000000000319       0x22 c:/st/stm32cubeide_1.3.0/stm32cubeide/plugins/com.st.stm32cube.ide.mcu.externaltools.gnu-tools-for-stm32.7-2018-q2-update.win32_1.4.0.202007081208/tools/bin/../lib/gcc/arm-none-eabi/7.3.1/thumb/v7e-m/fpv4-sp/hard/crtn.o
OUTPUT(segment_display.elf elf32-littlearm)

.debug_info     0x0000000000000000     0x6635
 .debug_info    0x0000000000000000      0x550 Drivers/STM32F3xx_HAL_Driver/Src/stm32f3xx_ll_exti.o
 .debug_info    0x0000000000000550      0x7e2 Drivers/STM32F3xx_HAL_Driver/Src/stm32f3xx_ll_gpio.o
 .debug_info    0x0000000000000d32      0xf9f Drivers/STM32F3xx_HAL_Driver/Src/stm32f3xx_ll_tim.o
 .debug_info    0x0000000000001cd1      0x818 Drivers/STM32F3xx_HAL_Driver/Src/stm32f3xx_ll_utils.o
 .debug_info    0x00000000000024e9     0x1048 Src/display.o
 .debug_info    0x0000000000003531      0xc5b Src/gpio.o
 .debug_info    0x000000000000418c     0x102e Src/main.o
 .debug_info    0x00000000000051ba      0x4fd Src/stm32f3xx_it.o
 .debug_info    0x00000000000056b7      0x400 Src/system_stm32f3xx.o
 .debug_info    0x0000000000005ab7      0xb5c Src/tim.o
 .debug_info    0x0000000000006613       0x22 Startup/startup_stm32f303k8tx.o

.debug_abbrev   0x0000000000000000     0x13a7
 .debug_abbrev  0x0000000000000000      0x19e Drivers/STM32F3xx_HAL_Driver/Src/stm32f3xx_ll_exti.o
 .debug_abbrev  0x000000000000019e      0x212 Drivers/STM32F3xx_HAL_Driver/Src/stm32f3xx_ll_gpio.o
 .debug_abbrev  0x00000000000003b0      0x1ff Drivers/STM32F3xx_HAL_Driver/Src/stm32f3xx_ll_tim.o
 .debug_abbrev  0x00000000000005af      0x266 Drivers/STM32F3xx_HAL_Driver/Src/stm32f3xx_ll_utils.o
 .debug_abbrev  0x0000000000000815      0x24e Src/display.o
 .debug_abbrev  0x0000000000000a63      0x245 Src/gpio.o
 .debug_abbrev  0x0000000000000ca8      0x267 Src/main.o
 .debug_abbrev  0x0000000000000f0f      0x1b4 Src/stm32f3xx_it.o
 .debug_abbrev  0x00000000000010c3      0x111 Src/system_stm32f3xx.o
 .debug_abbrev  0x00000000000011d4      0x1c1 Src/tim.o
 .debug_abbrev  0x0000000000001395       0x12 Startup/startup_stm32f303k8tx.o

.debug_aranges  0x0000000000000000      0x758
 .debug_aranges
                0x0000000000000000       0xb0 Drivers/STM32F3xx_HAL_Driver/Src/stm32f3xx_ll_exti.o
 .debug_aranges
                0x00000000000000b0       0x70 Drivers/STM32F3xx_HAL_Driver/Src/stm32f3xx_ll_gpio.o
 .debug_aranges
                0x0000000000000120      0x148 Drivers/STM32F3xx_HAL_Driver/Src/stm32f3xx_ll_tim.o
 .debug_aranges
                0x0000000000000268       0xf0 Drivers/STM32F3xx_HAL_Driver/Src/stm32f3xx_ll_utils.o
 .debug_aranges
                0x0000000000000358      0x198 Src/display.o
 .debug_aranges
                0x00000000000004f0       0x68 Src/gpio.o
 .debug_aranges
                0x0000000000000558       0xa8 Src/main.o
 .debug_aranges
                0x0000000000000600       0x88 Src/stm32f3xx_it.o
 .debug_aranges
                0x0000000000000688       0x28 Src/system_stm32f3xx.o
 .debug_aranges
                0x00000000000006b0       0x80 Src/tim.o
 .debug_aranges
                0x0000000000000730       0x28 Startup/startup_stm32f303k8tx.o

.debug_ranges   0x0000000000000000      0x6b0
 .debug_ranges  0x0000000000000000       0xa0 Drivers/STM32F3xx_HAL_Driver/Src/stm32f3xx_ll_exti.o
 .debug_ranges  0x00000000000000a0       0x60 Drivers/STM32F3xx_HAL_Driver/Src/stm32f3xx_ll_gpio.o
 .debug_ranges  0x0000000000000100      0x138 Drivers/STM32F3xx_HAL_Driver/Src/stm32f3xx_ll_tim.o
 .debug_ranges  0x0000000000000238       0xe0 Drivers/STM32F3xx_HAL_Driver/Src/stm32f3xx_ll_utils.o
 .debug_ranges  0x0000000000000318      0x188 Src/display.o
 .debug_ranges  0x00000000000004a0       0x58 Src/gpio.o
 .debug_ranges  0x00000000000004f8       0x98 Src/main.o
 .debug_ranges  0x0000000000000590       0x78 Src/stm32f3xx_it.o
 .debug_ranges  0x0000000000000608       0x18 Src/system_stm32f3xx.o
 .debug_ranges  0x0000000000000620       0x70 Src/tim.o
 .debug_ranges  0x0000000000000690       0x20 Startup/startup_stm32f303k8tx.o

.debug_macro    0x0000000000000000    0x160b3
 .debug_macro   0x0000000000000000       0xf7 Drivers/STM32F3xx_HAL_Driver/Src/stm32f3xx_ll_exti.o
 .debug_macro   0x00000000000000f7      0xa5a Drivers/STM32F3xx_HAL_Driver/Src/stm32f3xx_ll_exti.o
 .debug_macro   0x0000000000000b51       0x2f Drivers/STM32F3xx_HAL_Driver/Src/stm32f3xx_ll_exti.o
 .debug_macro   0x0000000000000b80       0x28 Drivers/STM32F3xx_HAL_Driver/Src/stm32f3xx_ll_exti.o
 .debug_macro   0x0000000000000ba8       0x22 Drivers/STM32F3xx_HAL_Driver/Src/stm32f3xx_ll_exti.o
 .debug_macro   0x0000000000000bca       0x8e Drivers/STM32F3xx_HAL_Driver/Src/stm32f3xx_ll_exti.o
 .debug_macro   0x0000000000000c58       0x51 Drivers/STM32F3xx_HAL_Driver/Src/stm32f3xx_ll_exti.o
 .debug_macro   0x0000000000000ca9       0xef Drivers/STM32F3xx_HAL_Driver/Src/stm32f3xx_ll_exti.o
 .debug_macro   0x0000000000000d98       0x6a Drivers/STM32F3xx_HAL_Driver/Src/stm32f3xx_ll_exti.o
 .debug_macro   0x0000000000000e02      0x1df Drivers/STM32F3xx_HAL_Driver/Src/stm32f3xx_ll_exti.o
 .debug_macro   0x0000000000000fe1       0x35 Drivers/STM32F3xx_HAL_Driver/Src/stm32f3xx_ll_exti.o
 .debug_macro   0x0000000000001016       0x50 Drivers/STM32F3xx_HAL_Driver/Src/stm32f3xx_ll_exti.o
 .debug_macro   0x0000000000001066      0xd40 Drivers/STM32F3xx_HAL_Driver/Src/stm32f3xx_ll_exti.o
 .debug_macro   0x0000000000001da6    0x10bf5 Drivers/STM32F3xx_HAL_Driver/Src/stm32f3xx_ll_exti.o
 .debug_macro   0x000000000001299b       0x43 Drivers/STM32F3xx_HAL_Driver/Src/stm32f3xx_ll_exti.o
 .debug_macro   0x00000000000129de       0xfc Drivers/STM32F3xx_HAL_Driver/Src/stm32f3xx_ll_exti.o
 .debug_macro   0x0000000000012ada      0x10c Drivers/STM32F3xx_HAL_Driver/Src/stm32f3xx_ll_gpio.o
 .debug_macro   0x0000000000012be6      0x149 Drivers/STM32F3xx_HAL_Driver/Src/stm32f3xx_ll_gpio.o
 .debug_macro   0x0000000000012d2f       0xe5 Drivers/STM32F3xx_HAL_Driver/Src/stm32f3xx_ll_gpio.o
 .debug_macro   0x0000000000012e14      0x179 Drivers/STM32F3xx_HAL_Driver/Src/stm32f3xx_ll_tim.o
 .debug_macro   0x0000000000012f8d      0x800 Drivers/STM32F3xx_HAL_Driver/Src/stm32f3xx_ll_tim.o
 .debug_macro   0x000000000001378d      0x14a Drivers/STM32F3xx_HAL_Driver/Src/stm32f3xx_ll_utils.o
 .debug_macro   0x00000000000138d7       0x30 Drivers/STM32F3xx_HAL_Driver/Src/stm32f3xx_ll_utils.o
 .debug_macro   0x0000000000013907      0x2a5 Drivers/STM32F3xx_HAL_Driver/Src/stm32f3xx_ll_utils.o
 .debug_macro   0x0000000000013bac       0xaf Drivers/STM32F3xx_HAL_Driver/Src/stm32f3xx_ll_utils.o
 .debug_macro   0x0000000000013c5b      0x2cd Src/display.o
 .debug_macro   0x0000000000013f28      0x102 Src/display.o
 .debug_macro   0x000000000001402a       0x28 Src/display.o
 .debug_macro   0x0000000000014052      0x287 Src/display.o
 .debug_macro   0x00000000000142d9      0x806 Src/display.o
 .debug_macro   0x0000000000014adf      0x14f Src/display.o
 .debug_macro   0x0000000000014c2e       0x22 Src/display.o
 .debug_macro   0x0000000000014c50       0x46 Src/display.o
 .debug_macro   0x0000000000014c96       0x18 Src/display.o
 .debug_macro   0x0000000000014cae       0x3c Src/display.o
 .debug_macro   0x0000000000014cea       0x34 Src/display.o
 .debug_macro   0x0000000000014d1e       0x16 Src/display.o
 .debug_macro   0x0000000000014d34       0x97 Src/display.o
 .debug_macro   0x0000000000014dcb      0x330 Src/display.o
 .debug_macro   0x00000000000150fb       0xfd Src/display.o
 .debug_macro   0x00000000000151f8       0x10 Src/display.o
 .debug_macro   0x0000000000015208       0x52 Src/display.o
 .debug_macro   0x000000000001525a       0x1f Src/display.o
 .debug_macro   0x0000000000015279       0x43 Src/display.o
 .debug_macro   0x00000000000152bc       0x20 Src/display.o
 .debug_macro   0x00000000000152dc      0x1a3 Src/display.o
 .debug_macro   0x000000000001547f       0x10 Src/display.o
 .debug_macro   0x000000000001548f       0x1c Src/display.o
 .debug_macro   0x00000000000154ab       0x52 Src/display.o
 .debug_macro   0x00000000000154fd       0x40 Src/display.o
 .debug_macro   0x000000000001553d       0x10 Src/display.o
 .debug_macro   0x000000000001554d       0x40 Src/display.o
 .debug_macro   0x000000000001558d       0xd7 Src/display.o
 .debug_macro   0x0000000000015664       0x1c Src/display.o
 .debug_macro   0x0000000000015680       0x3d Src/display.o
 .debug_macro   0x00000000000156bd       0x16 Src/display.o
 .debug_macro   0x00000000000156d3      0x145 Src/display.o
 .debug_macro   0x0000000000015818       0x16 Src/display.o
 .debug_macro   0x000000000001582e       0x35 Src/display.o
 .debug_macro   0x0000000000015863       0x20 Src/display.o
 .debug_macro   0x0000000000015883       0x82 Src/display.o
 .debug_macro   0x0000000000015905      0x155 Src/gpio.o
 .debug_macro   0x0000000000015a5a      0x2e5 Src/main.o
 .debug_macro   0x0000000000015d3f      0x155 Src/stm32f3xx_it.o
 .debug_macro   0x0000000000015e94       0xdc Src/system_stm32f3xx.o
 .debug_macro   0x0000000000015f70      0x143 Src/tim.o

.debug_line     0x0000000000000000     0x4c67
 .debug_line    0x0000000000000000      0x64f Drivers/STM32F3xx_HAL_Driver/Src/stm32f3xx_ll_exti.o
 .debug_line    0x000000000000064f      0x670 Drivers/STM32F3xx_HAL_Driver/Src/stm32f3xx_ll_gpio.o
 .debug_line    0x0000000000000cbf      0x97d Drivers/STM32F3xx_HAL_Driver/Src/stm32f3xx_ll_tim.o
 .debug_line    0x000000000000163c      0x764 Drivers/STM32F3xx_HAL_Driver/Src/stm32f3xx_ll_utils.o
 .debug_line    0x0000000000001da0      0xc31 Src/display.o
 .debug_line    0x00000000000029d1      0x6ae Src/gpio.o
 .debug_line    0x000000000000307f      0x933 Src/main.o
 .debug_line    0x00000000000039b2      0x6ac Src/stm32f3xx_it.o
 .debug_line    0x000000000000405e      0x48a Src/system_stm32f3xx.o
 .debug_line    0x00000000000044e8      0x6fe Src/tim.o
 .debug_line    0x0000000000004be6       0x81 Startup/startup_stm32f303k8tx.o

.debug_str      0x0000000000000000    0x761f1
 .debug_str     0x0000000000000000    0x63b9e Drivers/STM32F3xx_HAL_Driver/Src/stm32f3xx_ll_exti.o
                                      0x63d33 (size before relaxing)
 .debug_str     0x0000000000063b9e     0x1412 Drivers/STM32F3xx_HAL_Driver/Src/stm32f3xx_ll_gpio.o
                                      0x64768 (size before relaxing)
 .debug_str     0x0000000000064fb0     0x5cde Drivers/STM32F3xx_HAL_Driver/Src/stm32f3xx_ll_tim.o
                                      0x69684 (size before relaxing)
 .debug_str     0x000000000006ac8e     0x5087 Drivers/STM32F3xx_HAL_Driver/Src/stm32f3xx_ll_utils.o
                                      0x6844a (size before relaxing)
 .debug_str     0x000000000006fd15     0x5c23 Src/display.o
                                      0x72516 (size before relaxing)
 .debug_str     0x0000000000075938      0x4b3 Src/gpio.o
                                      0x6e266 (size before relaxing)
 .debug_str     0x0000000000075deb      0x112 Src/main.o
                                      0x725ab (size before relaxing)
 .debug_str     0x0000000000075efd      0x136 Src/stm32f3xx_it.o
                                      0x6dd8c (size before relaxing)
 .debug_str     0x0000000000076033       0xaa Src/system_stm32f3xx.o
                                      0x6344a (size before relaxing)
 .debug_str     0x00000000000760dd       0xe3 Src/tim.o
                                      0x6e278 (size before relaxing)
 .debug_str     0x00000000000761c0       0x31 Startup/startup_stm32f303k8tx.o
                                         0x62 (size before relaxing)

.comment        0x0000000000000000       0x7b
 .comment       0x0000000000000000       0x7b Drivers/STM32F3xx_HAL_Driver/Src/stm32f3xx_ll_exti.o
                                         0x7c (size before relaxing)
 .comment       0x000000000000007b       0x7c Drivers/STM32F3xx_HAL_Driver/Src/stm32f3xx_ll_gpio.o
 .comment       0x000000000000007b       0x7c Drivers/STM32F3xx_HAL_Driver/Src/stm32f3xx_ll_tim.o
 .comment       0x000000000000007b       0x7c Drivers/STM32F3xx_HAL_Driver/Src/stm32f3xx_ll_utils.o
 .comment       0x000000000000007b       0x7c Src/display.o
 .comment       0x000000000000007b       0x7c Src/gpio.o
 .comment       0x000000000000007b       0x7c Src/main.o
 .comment       0x000000000000007b       0x7c Src/stm32f3xx_it.o
 .comment       0x000000000000007b       0x7c Src/system_stm32f3xx.o
 .comment       0x000000000000007b       0x7c Src/tim.o

.debug_frame    0x0000000000000000     0x1ca4
 .debug_frame   0x0000000000000000      0x2fc Drivers/STM32F3xx_HAL_Driver/Src/stm32f3xx_ll_exti.o
 .debug_frame   0x00000000000002fc      0x1c0 Drivers/STM32F3xx_HAL_Driver/Src/stm32f3xx_ll_gpio.o
 .debug_frame   0x00000000000004bc      0x5d0 Drivers/STM32F3xx_HAL_Driver/Src/stm32f3xx_ll_tim.o
 .debug_frame   0x0000000000000a8c      0x3dc Drivers/STM32F3xx_HAL_Driver/Src/stm32f3xx_ll_utils.o
 .debug_frame   0x0000000000000e68      0x58c Src/display.o
 .debug_frame   0x00000000000013f4      0x194 Src/gpio.o
 .debug_frame   0x0000000000001588      0x29c Src/main.o
 .debug_frame   0x0000000000001824      0x1cc Src/stm32f3xx_it.o
 .debug_frame   0x00000000000019f0       0x58 Src/system_stm32f3xx.o
 .debug_frame   0x0000000000001a48      0x210 Src/tim.o
 .debug_frame   0x0000000000001c58       0x2c c:/st/stm32cubeide_1.3.0/stm32cubeide/plugins/com.st.stm32cube.ide.mcu.externaltools.gnu-tools-for-stm32.7-2018-q2-update.win32_1.4.0.202007081208/tools/bin/../lib/gcc/arm-none-eabi/7.3.1/../../../../arm-none-eabi/lib/thumb/v7e-m/fpv4-sp/hard\libc_nano.a(lib_a-init.o)
 .debug_frame   0x0000000000001c84       0x20 c:/st/stm32cubeide_1.3.0/stm32cubeide/plugins/com.st.stm32cube.ide.mcu.externaltools.gnu-tools-for-stm32.7-2018-q2-update.win32_1.4.0.202007081208/tools/bin/../lib/gcc/arm-none-eabi/7.3.1/../../../../arm-none-eabi/lib/thumb/v7e-m/fpv4-sp/hard\libc_nano.a(lib_a-memset.o)
