Archive member included to satisfy reference by file (symbol)

c:/st/stm32cubeide_1.3.0/stm32cubeide/plugins/com.st.stm32cube.ide.mcu.externaltools.gnu-tools-for-stm32.7-2018-q2-update.win32_1.4.0.202007081208/tools/bin/../lib/gcc/arm-none-eabi/7.3.1/../../../../arm-none-eabi/lib/thumb/v7e-m/fpv4-sp/hard\libc_nano.a(lib_a-errno.o)
                              Src/syscalls.o (__errno)
c:/st/stm32cubeide_1.3.0/stm32cubeide/plugins/com.st.stm32cube.ide.mcu.externaltools.gnu-tools-for-stm32.7-2018-q2-update.win32_1.4.0.202007081208/tools/bin/../lib/gcc/arm-none-eabi/7.3.1/../../../../arm-none-eabi/lib/thumb/v7e-m/fpv4-sp/hard\libc_nano.a(lib_a-exit.o)
                              c:/st/stm32cubeide_1.3.0/stm32cubeide/plugins/com.st.stm32cube.ide.mcu.externaltools.gnu-tools-for-stm32.7-2018-q2-update.win32_1.4.0.202007081208/tools/bin/../lib/gcc/arm-none-eabi/7.3.1/../../../../arm-none-eabi/lib/thumb/v7e-m/fpv4-sp/hard/crt0.o (exit)
c:/st/stm32cubeide_1.3.0/stm32cubeide/plugins/com.st.stm32cube.ide.mcu.externaltools.gnu-tools-for-stm32.7-2018-q2-update.win32_1.4.0.202007081208/tools/bin/../lib/gcc/arm-none-eabi/7.3.1/../../../../arm-none-eabi/lib/thumb/v7e-m/fpv4-sp/hard\libc_nano.a(lib_a-impure.o)
                              c:/st/stm32cubeide_1.3.0/stm32cubeide/plugins/com.st.stm32cube.ide.mcu.externaltools.gnu-tools-for-stm32.7-2018-q2-update.win32_1.4.0.202007081208/tools/bin/../lib/gcc/arm-none-eabi/7.3.1/../../../../arm-none-eabi/lib/thumb/v7e-m/fpv4-sp/hard\libc_nano.a(lib_a-exit.o) (_global_impure_ptr)
c:/st/stm32cubeide_1.3.0/stm32cubeide/plugins/com.st.stm32cube.ide.mcu.externaltools.gnu-tools-for-stm32.7-2018-q2-update.win32_1.4.0.202007081208/tools/bin/../lib/gcc/arm-none-eabi/7.3.1/../../../../arm-none-eabi/lib/thumb/v7e-m/fpv4-sp/hard\libc_nano.a(lib_a-init.o)
                              c:/st/stm32cubeide_1.3.0/stm32cubeide/plugins/com.st.stm32cube.ide.mcu.externaltools.gnu-tools-for-stm32.7-2018-q2-update.win32_1.4.0.202007081208/tools/bin/../lib/gcc/arm-none-eabi/7.3.1/../../../../arm-none-eabi/lib/thumb/v7e-m/fpv4-sp/hard/crt0.o (__libc_init_array)
c:/st/stm32cubeide_1.3.0/stm32cubeide/plugins/com.st.stm32cube.ide.mcu.externaltools.gnu-tools-for-stm32.7-2018-q2-update.win32_1.4.0.202007081208/tools/bin/../lib/gcc/arm-none-eabi/7.3.1/../../../../arm-none-eabi/lib/thumb/v7e-m/fpv4-sp/hard\libc_nano.a(lib_a-memset.o)
                              c:/st/stm32cubeide_1.3.0/stm32cubeide/plugins/com.st.stm32cube.ide.mcu.externaltools.gnu-tools-for-stm32.7-2018-q2-update.win32_1.4.0.202007081208/tools/bin/../lib/gcc/arm-none-eabi/7.3.1/../../../../arm-none-eabi/lib/thumb/v7e-m/fpv4-sp/hard/crt0.o (memset)

Allocating common symbols
Common symbol       size              file

vypis               0x10              Src/main.o
saved_time          0x8               Src/main.o

Discarded input sections

 .text          0x0000000000000000        0x0 c:/st/stm32cubeide_1.3.0/stm32cubeide/plugins/com.st.stm32cube.ide.mcu.externaltools.gnu-tools-for-stm32.7-2018-q2-update.win32_1.4.0.202007081208/tools/bin/../lib/gcc/arm-none-eabi/7.3.1/thumb/v7e-m/fpv4-sp/hard/crti.o
 .data          0x0000000000000000        0x0 c:/st/stm32cubeide_1.3.0/stm32cubeide/plugins/com.st.stm32cube.ide.mcu.externaltools.gnu-tools-for-stm32.7-2018-q2-update.win32_1.4.0.202007081208/tools/bin/../lib/gcc/arm-none-eabi/7.3.1/thumb/v7e-m/fpv4-sp/hard/crti.o
 .bss           0x0000000000000000        0x0 c:/st/stm32cubeide_1.3.0/stm32cubeide/plugins/com.st.stm32cube.ide.mcu.externaltools.gnu-tools-for-stm32.7-2018-q2-update.win32_1.4.0.202007081208/tools/bin/../lib/gcc/arm-none-eabi/7.3.1/thumb/v7e-m/fpv4-sp/hard/crti.o
 .data          0x0000000000000000        0x4 c:/st/stm32cubeide_1.3.0/stm32cubeide/plugins/com.st.stm32cube.ide.mcu.externaltools.gnu-tools-for-stm32.7-2018-q2-update.win32_1.4.0.202007081208/tools/bin/../lib/gcc/arm-none-eabi/7.3.1/thumb/v7e-m/fpv4-sp/hard/crtbegin.o
 .text          0x0000000000000000       0x74 c:/st/stm32cubeide_1.3.0/stm32cubeide/plugins/com.st.stm32cube.ide.mcu.externaltools.gnu-tools-for-stm32.7-2018-q2-update.win32_1.4.0.202007081208/tools/bin/../lib/gcc/arm-none-eabi/7.3.1/../../../../arm-none-eabi/lib/thumb/v7e-m/fpv4-sp/hard/crt0.o
 .data          0x0000000000000000        0x0 c:/st/stm32cubeide_1.3.0/stm32cubeide/plugins/com.st.stm32cube.ide.mcu.externaltools.gnu-tools-for-stm32.7-2018-q2-update.win32_1.4.0.202007081208/tools/bin/../lib/gcc/arm-none-eabi/7.3.1/../../../../arm-none-eabi/lib/thumb/v7e-m/fpv4-sp/hard/crt0.o
 .bss           0x0000000000000000        0x0 c:/st/stm32cubeide_1.3.0/stm32cubeide/plugins/com.st.stm32cube.ide.mcu.externaltools.gnu-tools-for-stm32.7-2018-q2-update.win32_1.4.0.202007081208/tools/bin/../lib/gcc/arm-none-eabi/7.3.1/../../../../arm-none-eabi/lib/thumb/v7e-m/fpv4-sp/hard/crt0.o
[...]
Memory Configuration

Name             Origin             Length             Attributes
FLASH            0x0000000008000000 0x0000000000010000 xr
CCMRAM           0x0000000010000000 0x0000000000001000 xrw
RAM              0x0000000020000000 0x0000000000003000 xrw
*default*        0x0000000000000000 0xffffffffffffffff

Linker script and memory map

LOAD c:/st/stm32cubeide_1.3.0/stm32cubeide/plugins/com.st.stm32cube.ide.mcu.externaltools.gnu-tools-for-stm32.7-2018-q2-update.win32_1.4.0.202007081208/tools/bin/../lib/gcc/arm-none-eabi/7.3.1/thumb/v7e-m/fpv4-sp/hard/crti.o
LOAD c:/st/stm32cubeide_1.3.0/stm32cubeide/plugins/com.st.stm32cube.ide.mcu.externaltools.gnu-tools-for-stm32.7-2018-q2-update.win32_1.4.0.202007081208/tools/bin/../lib/gcc/arm-none-eabi/7.3.1/thumb/v7e-m/fpv4-sp/hard/crtbegin.o
LOAD c:/st/stm32cubeide_1.3.0/stm32cubeide/plugins/com.st.stm32cube.ide.mcu.externaltools.gnu-tools-for-stm32.7-2018-q2-update.win32_1.4.0.202007081208/tools/bin/../lib/gcc/arm-none-eabi/7.3.1/../../../../arm-none-eabi/lib/thumb/v7e-m/fpv4-sp/hard/crt0.o
LOAD Drivers/STM32F3xx_HAL_Driver/Src/stm32f3xx_ll_exti.o
LOAD Drivers/STM32F3xx_HAL_Driver/Src/stm32f3xx_ll_gpio.o
LOAD Drivers/STM32F3xx_HAL_Driver/Src/stm32f3xx_ll_rcc.o
LOAD Drivers/STM32F3xx_HAL_Driver/Src/stm32f3xx_ll_tim.o
LOAD Drivers/STM32F3xx_HAL_Driver/Src/stm32f3xx_ll_utils.o
LOAD Src/display.o
LOAD Src/gpio.o
LOAD Src/main.o
LOAD Src/stm32f3xx_it.o
LOAD Src/syscalls.o
LOAD Src/sysmem.o
LOAD Src/system_stm32f3xx.o
LOAD Src/tim.o
LOAD Startup/startup_stm32f303k8tx.o
START GROUP
LOAD c:/st/stm32cubeide_1.3.0/stm32cubeide/plugins/com.st.stm32cube.ide.mcu.externaltools.gnu-tools-for-stm32.7-2018-q2-update.win32_1.4.0.202007081208/tools/bin/../lib/gcc/arm-none-eabi/7.3.1/../../../../arm-none-eabi/lib/thumb/v7e-m/fpv4-sp/hard\libc_nano.a
LOAD c:/st/stm32cubeide_1.3.0/stm32cubeide/plugins/com.st.stm32cube.ide.mcu.externaltools.gnu-tools-for-stm32.7-2018-q2-update.win32_1.4.0.202007081208/tools/bin/../lib/gcc/arm-none-eabi/7.3.1/../../../../arm-none-eabi/lib/thumb/v7e-m/fpv4-sp/hard\libm.a
END GROUP
START GROUP
LOAD c:/st/stm32cubeide_1.3.0/stm32cubeide/plugins/com.st.stm32cube.ide.mcu.externaltools.gnu-tools-for-stm32.7-2018-q2-update.win32_1.4.0.202007081208/tools/bin/../lib/gcc/arm-none-eabi/7.3.1/thumb/v7e-m/fpv4-sp/hard\libgcc.a
LOAD c:/st/stm32cubeide_1.3.0/stm32cubeide/plugins/com.st.stm32cube.ide.mcu.externaltools.gnu-tools-for-stm32.7-2018-q2-update.win32_1.4.0.202007081208/tools/bin/../lib/gcc/arm-none-eabi/7.3.1/../../../../arm-none-eabi/lib/thumb/v7e-m/fpv4-sp/hard\libc_nano.a
END GROUP
START GROUP
LOAD c:/st/stm32cubeide_1.3.0/stm32cubeide/plugins/com.st.stm32cube.ide.mcu.externaltools.gnu-tools-for-stm32.7-2018-q2-update.win32_1.4.0.202007081208/tools/bin/../lib/gcc/arm-none-eabi/7.3.1/thumb/v7e-m/fpv4-sp/hard\libgcc.a
LOAD c:/st/stm32cubeide_1.3.0/stm32cubeide/plugins/com.st.stm32cube.ide.mcu.externaltools.gnu-tools-for-stm32.7-2018-q2-update.win32_1.4.0.202007081208/tools/bin/../lib/gcc/arm-none-eabi/7.3.1/../../../../arm-none-eabi/lib/thumb/v7e-m/fpv4-sp/hard\libc_nano.a
LOAD c:/st/stm32cubeide_1.3.0/stm32cubeide/plugins/com.st.stm32cube.ide.mcu.externaltools.gnu-tools-for-stm32.7-2018-q2-update.win32_1.4.0.202007081208/tools/bin/../lib/gcc/arm-none-eabi/7.3.1/../../../../arm-none-eabi/lib/thumb/v7e-m/fpv4-sp/hard\libnosys.a
END GROUP
START GROUP
LOAD c:/st/stm32cubeide_1.3.0/stm32cubeide/plugins/com.st.stm32cube.ide.mcu.externaltools.gnu-tools-for-stm32.7-2018-q2-update.win32_1.4.0.202007081208/tools/bin/../lib/gcc/arm-none-eabi/7.3.1/thumb/v7e-m/fpv4-sp/hard\libgcc.a
LOAD c:/st/stm32cubeide_1.3.0/stm32cubeide/plugins/com.st.stm32cube.ide.mcu.externaltools.gnu-tools-for-stm32.7-2018-q2-update.win32_1.4.0.202007081208/tools/bin/../lib/gcc/arm-none-eabi/7.3.1/../../../../arm-none-eabi/lib/thumb/v7e-m/fpv4-sp/hard\libc_nano.a
LOAD c:/st/stm32cubeide_1.3.0/stm32cubeide/plugins/com.st.stm32cube.ide.mcu.externaltools.gnu-tools-for-stm32.7-2018-q2-update.win32_1.4.0.202007081208/tools/bin/../lib/gcc/arm-none-eabi/7.3.1/../../../../arm-none-eabi/lib/thumb/v7e-m/fpv4-sp/hard\libnosys.a
END GROUP
LOAD c:/st/stm32cubeide_1.3.0/stm32cubeide/plugins/com.st.stm32cube.ide.mcu.externaltools.gnu-tools-for-stm32.7-2018-q2-update.win32_1.4.0.202007081208/tools/bin/../lib/gcc/arm-none-eabi/7.3.1/thumb/v7e-m/fpv4-sp/hard/crtend.o
LOAD c:/st/stm32cubeide_1.3.0/stm32cubeide/plugins/com.st.stm32cube.ide.mcu.externaltools.gnu-tools-for-stm32.7-2018-q2-update.win32_1.4.0.202007081208/tools/bin/../lib/gcc/arm-none-eabi/7.3.1/thumb/v7e-m/fpv4-sp/hard/crtn.o
                0x0000000020003000                _estack = 0x20003000
                0x0000000000000200                _Min_Heap_Size = 0x200
                0x0000000000000400                _Min_Stack_Size = 0x400

.isr_vector     0x0000000008000000      0x188
                0x0000000008000000                . = ALIGN (0x4)
 *(.isr_vector)
 .isr_vector    0x0000000008000000      0x188 Startup/startup_stm32f303k8tx.o
                0x0000000008000000                g_pfnVectors
                0x0000000008000188                . = ALIGN (0x4)

.text           0x0000000008000188     0x229c
                0x0000000008000188                . = ALIGN (0x4)
 *(.text)
 .text          0x0000000008000188       0x40 c:/st/stm32cubeide_1.3.0/stm32cubeide/plugins/com.st.stm32cube.ide.mcu.externaltools.gnu-tools-for-stm32.7-2018-q2-update.win32_1.4.0.202007081208/tools/bin/../lib/gcc/arm-none-eabi/7.3.1/thumb/v7e-m/fpv4-sp/hard/crtbegin.o
 *(.text*)
 .text.LL_GPIO_SetPinMode
                0x00000000080001c8       0x5a Drivers/STM32F3xx_HAL_Driver/Src/stm32f3xx_ll_gpio.o
 .text.LL_GPIO_SetPinOutputType
                0x0000000008000222       0x30 Drivers/STM32F3xx_HAL_Driver/Src/stm32f3xx_ll_gpio.o
 .text.LL_GPIO_SetPinSpeed
                0x0000000008000252       0x5a Drivers/STM32F3xx_HAL_Driver/Src/stm32f3xx_ll_gpio.o
 .text.LL_GPIO_SetPinPull
                0x00000000080002ac       0x5a Drivers/STM32F3xx_HAL_Driver/Src/stm32f3xx_ll_gpio.o
 .text.LL_GPIO_SetAFPin_0_7
                0x0000000008000306       0x5a Drivers/STM32F3xx_HAL_Driver/Src/stm32f3xx_ll_gpio.o
 .text.LL_GPIO_SetAFPin_8_15
                0x0000000008000360       0x5e Drivers/STM32F3xx_HAL_Driver/Src/stm32f3xx_ll_gpio.o
 .text.LL_GPIO_Init
                0x00000000080003be       0xf4 Drivers/STM32F3xx_HAL_Driver/Src/stm32f3xx_ll_gpio.o
                0x00000000080003be                LL_GPIO_Init
 .text.LL_TIM_SetPrescaler
                0x00000000080004b2       0x1c Drivers/STM32F3xx_HAL_Driver/Src/stm32f3xx_ll_tim.o
 .text.LL_TIM_SetAutoReload
                0x00000000080004ce       0x1c Drivers/STM32F3xx_HAL_Driver/Src/stm32f3xx_ll_tim.o
 .text.LL_TIM_SetRepetitionCounter
                0x00000000080004ea       0x1c Drivers/STM32F3xx_HAL_Driver/Src/stm32f3xx_ll_tim.o
 .text.LL_TIM_OC_SetCompareCH1
                0x0000000008000506       0x1c Drivers/STM32F3xx_HAL_Driver/Src/stm32f3xx_ll_tim.o
 .text.LL_TIM_OC_SetCompareCH2
                0x0000000008000522       0x1c Drivers/STM32F3xx_HAL_Driver/Src/stm32f3xx_ll_tim.o
 .text.LL_TIM_OC_SetCompareCH3
                0x000000000800053e       0x1c Drivers/STM32F3xx_HAL_Driver/Src/stm32f3xx_ll_tim.o
 .text.LL_TIM_OC_SetCompareCH4
                0x000000000800055a       0x1c Drivers/STM32F3xx_HAL_Driver/Src/stm32f3xx_ll_tim.o
 .text.LL_TIM_OC_SetCompareCH5
                0x0000000008000576       0x1c Drivers/STM32F3xx_HAL_Driver/Src/stm32f3xx_ll_tim.o
 .text.LL_TIM_OC_SetCompareCH6
                0x0000000008000592       0x1c Drivers/STM32F3xx_HAL_Driver/Src/stm32f3xx_ll_tim.o
 .text.LL_TIM_GenerateEvent_UPDATE
                0x00000000080005ae       0x20 Drivers/STM32F3xx_HAL_Driver/Src/stm32f3xx_ll_tim.o
 *fill*         0x00000000080005ce        0x2 
 .text.LL_TIM_Init
                0x00000000080005d0       0xe8 Drivers/STM32F3xx_HAL_Driver/Src/stm32f3xx_ll_tim.o
                0x00000000080005d0                LL_TIM_Init
 .text.LL_TIM_OC_Init
                0x00000000080006b8       0x9a Drivers/STM32F3xx_HAL_Driver/Src/stm32f3xx_ll_tim.o
                0x00000000080006b8                LL_TIM_OC_Init
 *fill*         0x0000000008000752        0x2 
 .text.OC1Config
                0x0000000008000754      0x100 Drivers/STM32F3xx_HAL_Driver/Src/stm32f3xx_ll_tim.o
 .text.OC2Config
                0x0000000008000854      0x108 Drivers/STM32F3xx_HAL_Driver/Src/stm32f3xx_ll_tim.o
 .text.OC3Config
                0x000000000800095c      0x108 Drivers/STM32F3xx_HAL_Driver/Src/stm32f3xx_ll_tim.o
 .text.OC4Config
                0x0000000008000a64       0xd8 Drivers/STM32F3xx_HAL_Driver/Src/stm32f3xx_ll_tim.o
 .text.OC5Config
                0x0000000008000b3c       0xc4 Drivers/STM32F3xx_HAL_Driver/Src/stm32f3xx_ll_tim.o
 .text.OC6Config
                0x0000000008000c00       0xc4 Drivers/STM32F3xx_HAL_Driver/Src/stm32f3xx_ll_tim.o
 .text.LL_InitTick
                0x0000000008000cc4       0x34 Drivers/STM32F3xx_HAL_Driver/Src/stm32f3xx_ll_utils.o
 .text.LL_Init1msTick
                0x0000000008000cf8       0x1a Drivers/STM32F3xx_HAL_Driver/Src/stm32f3xx_ll_utils.o
                0x0000000008000cf8                LL_Init1msTick
 *fill*         0x0000000008000d12        0x2 
 .text.LL_mDelay
                0x0000000008000d14       0x48 Drivers/STM32F3xx_HAL_Driver/Src/stm32f3xx_ll_utils.o
                0x0000000008000d14                LL_mDelay
 .text.LL_SetSystemCoreClock
                0x0000000008000d5c       0x20 Drivers/STM32F3xx_HAL_Driver/Src/stm32f3xx_ll_utils.o
                0x0000000008000d5c                LL_SetSystemCoreClock
 .text.LL_TIM_ClearFlag_UPDATE
                0x0000000008000d7c       0x1c Src/display.o
 .text.LL_TIM_IsActiveFlag_UPDATE
                0x0000000008000d98       0x26 Src/display.o
 .text.LL_GPIO_SetOutputPin
                0x0000000008000dbe       0x1c Src/display.o
 .text.LL_GPIO_ResetOutputPin
                0x0000000008000dda       0x1c Src/display.o
 *fill*         0x0000000008000df6        0x2 
 .text.resetSegments
                0x0000000008000df8       0x5c Src/display.o
                0x0000000008000df8                resetSegments
 .text.setSegments
                0x0000000008000e54       0x5c Src/display.o
                0x0000000008000e54                setSegments
 .text.resetDigits
                0x0000000008000eb0       0x40 Src/display.o
                0x0000000008000eb0                resetDigits
 .text.setDigits
                0x0000000008000ef0       0x40 Src/display.o
                0x0000000008000ef0                setDigits
 .text.setOne   0x0000000008000f30       0x1e Src/display.o
                0x0000000008000f30                setOne
 *fill*         0x0000000008000f4e        0x2 
 .text.setTwo   0x0000000008000f50       0x3c Src/display.o
                0x0000000008000f50                setTwo
 .text.setThree
                0x0000000008000f8c       0x3c Src/display.o
                0x0000000008000f8c                setThree
 .text.setFour  0x0000000008000fc8       0x34 Src/display.o
                0x0000000008000fc8                setFour
 .text.setFive  0x0000000008000ffc       0x3c Src/display.o
                0x0000000008000ffc                setFive
 .text.setSix   0x0000000008001038       0x48 Src/display.o
                0x0000000008001038                setSix
 .text.setSeven
                0x0000000008001080       0x28 Src/display.o
                0x0000000008001080                setSeven
 .text.setEight
                0x00000000080010a8       0x54 Src/display.o
                0x00000000080010a8                setEight
 .text.setNine  0x00000000080010fc       0x40 Src/display.o
                0x00000000080010fc                setNine
 .text.setZero  0x000000000800113c       0x4c Src/display.o
                0x000000000800113c                setZero
 .text.setMedzera
                0x0000000008001188       0x14 Src/display.o
                0x0000000008001188                setMedzera
 .text.setA     0x000000000800119c       0x4c Src/display.o
                0x000000000800119c                setA
 .text.setB     0x00000000080011e8       0x54 Src/display.o
                0x00000000080011e8                setB
 .text.setC     0x000000000800123c       0x34 Src/display.o
                0x000000000800123c                setC
 .text.setD     0x0000000008001270       0x4c Src/display.o
                0x0000000008001270                setD
 .text.setE     0x00000000080012bc       0x3c Src/display.o
                0x00000000080012bc                setE
 .text.setF     0x00000000080012f8       0x34 Src/display.o
                0x00000000080012f8                setF
 .text.setG     0x000000000800132c       0x40 Src/display.o
                0x000000000800132c                setG
 .text.setH     0x000000000800136c       0x40 Src/display.o
                0x000000000800136c                setH
 .text.setI     0x00000000080013ac       0x1e Src/display.o
                0x00000000080013ac                setI
 *fill*         0x00000000080013ca        0x2 
 .text.setJ     0x00000000080013cc       0x38 Src/display.o
                0x00000000080013cc                setJ
 .text.setK     0x0000000008001404       0x2c Src/display.o
                0x0000000008001404                setK
 .text.setL     0x0000000008001430       0x2c Src/display.o
                0x0000000008001430                setL
 .text.setM     0x000000000800145c       0x34 Src/display.o
                0x000000000800145c                setM
 .text.setN     0x0000000008001490       0x2c Src/display.o
                0x0000000008001490                setN
 .text.setO     0x00000000080014bc       0x4c Src/display.o
                0x00000000080014bc                setO
 .text.setP     0x0000000008001508       0x40 Src/display.o
                0x0000000008001508                setP
 .text.setR     0x0000000008001548       0x20 Src/display.o
                0x0000000008001548                setR
 .text.setS     0x0000000008001568       0x3c Src/display.o
                0x0000000008001568                setS
 .text.setT     0x00000000080015a4       0x34 Src/display.o
                0x00000000080015a4                setT
 .text.setU     0x00000000080015d8       0x40 Src/display.o
                0x00000000080015d8                setU
 .text.setV     0x0000000008001618       0x2c Src/display.o
                0x0000000008001618                setV
 .text.setW     0x0000000008001644       0x3c Src/display.o
                0x0000000008001644                setW
 .text.setX     0x0000000008001680       0x2c Src/display.o
                0x0000000008001680                setX
 .text.setY     0x00000000080016ac       0x3c Src/display.o
                0x00000000080016ac                setY
 .text.setZ     0x00000000080016e8       0x3c Src/display.o
                0x00000000080016e8                setZ
 .text.updateDisplay
                0x0000000008001724      0x310 Src/display.o
                0x0000000008001724                updateDisplay
 .text.TIM3_IRQHandler
                0x0000000008001a34       0x24 Src/display.o
                0x0000000008001a34                TIM3_IRQHandler
 .text.LL_AHB1_GRP1_EnableClock
                0x0000000008001a58       0x30 Src/gpio.o
 .text.LL_GPIO_ResetOutputPin
                0x0000000008001a88       0x1c Src/gpio.o
 .text.MX_GPIO_Init
                0x0000000008001aa4       0x88 Src/gpio.o
                0x0000000008001aa4                MX_GPIO_Init
 .text.NVIC_SetPriorityGrouping
                0x0000000008001b2c       0x48 Src/main.o
 .text.LL_RCC_HSI_Enable
                0x0000000008001b74       0x20 Src/main.o
 .text.LL_RCC_HSI_IsReady
                0x0000000008001b94       0x24 Src/main.o
 .text.LL_RCC_HSI_SetCalibTrimming
                0x0000000008001bb8       0x2c Src/main.o
 .text.LL_RCC_SetSysClkSource
                0x0000000008001be4       0x28 Src/main.o
 .text.LL_RCC_GetSysClkSource
                0x0000000008001c0c       0x1c Src/main.o
 .text.LL_RCC_SetAHBPrescaler
                0x0000000008001c28       0x28 Src/main.o
 .text.LL_RCC_SetAPB1Prescaler
                0x0000000008001c50       0x28 Src/main.o
 .text.LL_RCC_SetAPB2Prescaler
                0x0000000008001c78       0x28 Src/main.o
 .text.LL_APB1_GRP1_EnableClock
                0x0000000008001ca0       0x30 Src/main.o
 .text.LL_APB2_GRP1_EnableClock
                0x0000000008001cd0       0x30 Src/main.o
 .text.LL_FLASH_SetLatency
                0x0000000008001d00       0x28 Src/main.o
 .text.LL_FLASH_GetLatency
                0x0000000008001d28       0x1c Src/main.o
 .text.LL_SYSTICK_SetClkSource
                0x0000000008001d44       0x38 Src/main.o
 .text.LL_SYSTICK_EnableIT
                0x0000000008001d7c       0x20 Src/main.o
 .text.main     0x0000000008001d9c       0xd0 Src/main.o
                0x0000000008001d9c                main
 .text.SystemClock_Config
                0x0000000008001e6c       0x70 Src/main.o
                0x0000000008001e6c                SystemClock_Config
 .text.Error_Handler
                0x0000000008001edc        0xe Src/main.o
                0x0000000008001edc                Error_Handler
 .text.NMI_Handler
                0x0000000008001eea        0xe Src/stm32f3xx_it.o
                0x0000000008001eea                NMI_Handler
 .text.HardFault_Handler
                0x0000000008001ef8        0x6 Src/stm32f3xx_it.o
                0x0000000008001ef8                HardFault_Handler
 .text.MemManage_Handler
                0x0000000008001efe        0x6 Src/stm32f3xx_it.o
                0x0000000008001efe                MemManage_Handler
 .text.BusFault_Handler
                0x0000000008001f04        0x6 Src/stm32f3xx_it.o
                0x0000000008001f04                BusFault_Handler
 .text.UsageFault_Handler
                0x0000000008001f0a        0x6 Src/stm32f3xx_it.o
                0x0000000008001f0a                UsageFault_Handler
 .text.SVC_Handler
                0x0000000008001f10        0xe Src/stm32f3xx_it.o
                0x0000000008001f10                SVC_Handler
 .text.DebugMon_Handler
                0x0000000008001f1e        0xe Src/stm32f3xx_it.o
                0x0000000008001f1e                DebugMon_Handler
 .text.PendSV_Handler
                0x0000000008001f2c        0xe Src/stm32f3xx_it.o
                0x0000000008001f2c                PendSV_Handler
 *fill*         0x0000000008001f3a        0x2 
 .text.SysTick_Handler
                0x0000000008001f3c       0x24 Src/stm32f3xx_it.o
                0x0000000008001f3c                SysTick_Handler
 .text.SystemInit
                0x0000000008001f60       0x94 Src/system_stm32f3xx.o
                0x0000000008001f60                SystemInit
 .text.NVIC_GetPriorityGrouping
                0x0000000008001ff4       0x1c Src/tim.o
 .text.NVIC_EnableIRQ
                0x0000000008002010       0x34 Src/tim.o
 .text.NVIC_SetPriority
                0x0000000008002044       0x54 Src/tim.o
 .text.NVIC_EncodePriority
                0x0000000008002098       0x66 Src/tim.o
 *fill*         0x00000000080020fe        0x2 
 .text.LL_APB1_GRP1_EnableClock
                0x0000000008002100       0x30 Src/tim.o
 .text.LL_TIM_EnableCounter
                0x0000000008002130       0x20 Src/tim.o
 .text.LL_TIM_EnableARRPreload
                0x0000000008002150       0x20 Src/tim.o
 .text.LL_TIM_OC_DisableFast
                0x0000000008002170       0x9c Src/tim.o
 .text.LL_TIM_SetClockSource
                0x000000000800220c       0x2a Src/tim.o
 .text.LL_TIM_SetTriggerOutput
                0x0000000008002236       0x26 Src/tim.o
 .text.LL_TIM_DisableMasterSlaveMode
                0x000000000800225c       0x20 Src/tim.o
 .text.LL_TIM_EnableIT_UPDATE
                0x000000000800227c       0x20 Src/tim.o
 .text.MX_TIM3_Init
                0x000000000800229c       0xc4 Src/tim.o
                0x000000000800229c                MX_TIM3_Init
 .text.Reset_Handler
                0x0000000008002360       0x50 Startup/startup_stm32f303k8tx.o
                0x0000000008002360                Reset_Handler
 .text.Default_Handler
                0x00000000080023b0        0x2 Startup/startup_stm32f303k8tx.o
                0x00000000080023b0                RTC_Alarm_IRQHandler
                0x00000000080023b0                TIM1_CC_IRQHandler
                0x00000000080023b0                PVD_IRQHandler
                0x00000000080023b0                TAMP_STAMP_IRQHandler
                0x00000000080023b0                EXTI3_IRQHandler
                0x00000000080023b0                EXTI0_IRQHandler
                0x00000000080023b0                FPU_IRQHandler
                0x00000000080023b0                CAN_TX_IRQHandler
                0x00000000080023b0                TIM1_UP_TIM16_IRQHandler
                0x00000000080023b0                ADC1_2_IRQHandler
                0x00000000080023b0                SPI1_IRQHandler
                0x00000000080023b0                CAN_SCE_IRQHandler
                0x00000000080023b0                DMA1_Channel4_IRQHandler
                0x00000000080023b0                USART3_IRQHandler
                0x00000000080023b0                DMA1_Channel7_IRQHandler
                0x00000000080023b0                TIM7_DAC2_IRQHandler
                0x00000000080023b0                CAN_RX1_IRQHandler
                0x00000000080023b0                I2C1_EV_IRQHandler
                0x00000000080023b0                DMA1_Channel6_IRQHandler
                0x00000000080023b0                RCC_IRQHandler
                0x00000000080023b0                DMA1_Channel1_IRQHandler
                0x00000000080023b0                Default_Handler
                0x00000000080023b0                EXTI15_10_IRQHandler
                0x00000000080023b0                COMP2_IRQHandler
                0x00000000080023b0                TIM6_DAC1_IRQHandler
                0x00000000080023b0                EXTI9_5_IRQHandler
                0x00000000080023b0                RTC_WKUP_IRQHandler
                0x00000000080023b0                DMA1_Channel5_IRQHandler
                0x00000000080023b0                EXTI4_IRQHandler
                0x00000000080023b0                TIM1_TRG_COM_TIM17_IRQHandler
                0x00000000080023b0                DMA1_Channel3_IRQHandler
                0x00000000080023b0                WWDG_IRQHandler
                0x00000000080023b0                TIM2_IRQHandler
                0x00000000080023b0                EXTI1_IRQHandler
                0x00000000080023b0                COMP4_6_IRQHandler
                0x00000000080023b0                USART2_IRQHandler
                0x00000000080023b0                DMA1_Channel2_IRQHandler
                0x00000000080023b0                FLASH_IRQHandler
                0x00000000080023b0                USART1_IRQHandler
                0x00000000080023b0                CAN_RX0_IRQHandler
                0x00000000080023b0                I2C1_ER_IRQHandler
                0x00000000080023b0                EXTI2_TSC_IRQHandler
                0x00000000080023b0                TIM1_BRK_TIM15_IRQHandler
 *fill*         0x00000000080023b2        0x2 
 .text.__libc_init_array
                0x00000000080023b4       0x48 c:/st/stm32cubeide_1.3.0/stm32cubeide/plugins/com.st.stm32cube.ide.mcu.externaltools.gnu-tools-for-stm32.7-2018-q2-update.win32_1.4.0.202007081208/tools/bin/../lib/gcc/arm-none-eabi/7.3.1/../../../../arm-none-eabi/lib/thumb/v7e-m/fpv4-sp/hard\libc_nano.a(lib_a-init.o)
                0x00000000080023b4                __libc_init_array
 .text.memset   0x00000000080023fc       0x10 c:/st/stm32cubeide_1.3.0/stm32cubeide/plugins/com.st.stm32cube.ide.mcu.externaltools.gnu-tools-for-stm32.7-2018-q2-update.win32_1.4.0.202007081208/tools/bin/../lib/gcc/arm-none-eabi/7.3.1/../../../../arm-none-eabi/lib/thumb/v7e-m/fpv4-sp/hard\libc_nano.a(lib_a-memset.o)
                0x00000000080023fc                memset
 *(.glue_7)
 .glue_7        0x000000000800240c        0x0 linker stubs
 *(.glue_7t)
 .glue_7t       0x000000000800240c        0x0 linker stubs
 *(.eh_frame)
 .eh_frame      0x000000000800240c        0x0 c:/st/stm32cubeide_1.3.0/stm32cubeide/plugins/com.st.stm32cube.ide.mcu.externaltools.gnu-tools-for-stm32.7-2018-q2-update.win32_1.4.0.202007081208/tools/bin/../lib/gcc/arm-none-eabi/7.3.1/thumb/v7e-m/fpv4-sp/hard/crtbegin.o
 *(.init)
 .init          0x000000000800240c        0x4 c:/st/stm32cubeide_1.3.0/stm32cubeide/plugins/com.st.stm32cube.ide.mcu.externaltools.gnu-tools-for-stm32.7-2018-q2-update.win32_1.4.0.202007081208/tools/bin/../lib/gcc/arm-none-eabi/7.3.1/thumb/v7e-m/fpv4-sp/hard/crti.o
                0x000000000800240c                _init
 .init          0x0000000008002410        0x8 c:/st/stm32cubeide_1.3.0/stm32cubeide/plugins/com.st.stm32cube.ide.mcu.externaltools.gnu-tools-for-stm32.7-2018-q2-update.win32_1.4.0.202007081208/tools/bin/../lib/gcc/arm-none-eabi/7.3.1/thumb/v7e-m/fpv4-sp/hard/crtn.o
 *(.fini)
 .fini          0x0000000008002418        0x4 c:/st/stm32cubeide_1.3.0/stm32cubeide/plugins/com.st.stm32cube.ide.mcu.externaltools.gnu-tools-for-stm32.7-2018-q2-update.win32_1.4.0.202007081208/tools/bin/../lib/gcc/arm-none-eabi/7.3.1/thumb/v7e-m/fpv4-sp/hard/crti.o
                0x0000000008002418                _fini
 .fini          0x000000000800241c        0x8 c:/st/stm32cubeide_1.3.0/stm32cubeide/plugins/com.st.stm32cube.ide.mcu.externaltools.gnu-tools-for-stm32.7-2018-q2-update.win32_1.4.0.202007081208/tools/bin/../lib/gcc/arm-none-eabi/7.3.1/thumb/v7e-m/fpv4-sp/hard/crtn.o
                0x0000000008002424                . = ALIGN (0x4)
                0x0000000008002424                _etext = .

.vfp11_veneer   0x0000000008002424        0x0
 .vfp11_veneer  0x0000000008002424        0x0 linker stubs

.v4_bx          0x0000000008002424        0x0
 .v4_bx         0x0000000008002424        0x0 linker stubs

.iplt           0x0000000008002424        0x0
 .iplt          0x0000000008002424        0x0 c:/st/stm32cubeide_1.3.0/stm32cubeide/plugins/com.st.stm32cube.ide.mcu.externaltools.gnu-tools-for-stm32.7-2018-q2-update.win32_1.4.0.202007081208/tools/bin/../lib/gcc/arm-none-eabi/7.3.1/thumb/v7e-m/fpv4-sp/hard/crtbegin.o

.rodata         0x0000000008002424       0x18
                0x0000000008002424                . = ALIGN (0x4)
 *(.rodata)
 *(.rodata*)
 .rodata.OFFSET_TAB_CCMRx
                0x0000000008002424        0x9 Src/tim.o
 *fill*         0x000000000800242d        0x3 
 .rodata.SHIFT_TAB_OCxx
                0x0000000008002430        0x9 Src/tim.o
                0x000000000800243c                . = ALIGN (0x4)
 *fill*         0x0000000008002439        0x3 

.rel.dyn        0x000000000800243c        0x0
 .rel.iplt      0x000000000800243c        0x0 c:/st/stm32cubeide_1.3.0/stm32cubeide/plugins/com.st.stm32cube.ide.mcu.externaltools.gnu-tools-for-stm32.7-2018-q2-update.win32_1.4.0.202007081208/tools/bin/../lib/gcc/arm-none-eabi/7.3.1/thumb/v7e-m/fpv4-sp/hard/crtbegin.o

.ARM.extab      0x000000000800243c        0x0
                0x000000000800243c                . = ALIGN (0x4)
 *(.ARM.extab* .gnu.linkonce.armextab.*)
                0x000000000800243c                . = ALIGN (0x4)

.ARM            0x000000000800243c        0x0
                0x000000000800243c                . = ALIGN (0x4)
                0x000000000800243c                __exidx_start = .
 *(.ARM.exidx*)
                0x000000000800243c                __exidx_end = .
                0x000000000800243c                . = ALIGN (0x4)

.preinit_array  0x000000000800243c        0x0
                0x000000000800243c                . = ALIGN (0x4)
                0x000000000800243c                PROVIDE (__preinit_array_start = .)
 *(.preinit_array*)
                0x000000000800243c                PROVIDE (__preinit_array_end = .)
                0x000000000800243c                . = ALIGN (0x4)

.init_array     0x000000000800243c        0x4
                0x000000000800243c                . = ALIGN (0x4)
                0x000000000800243c                PROVIDE (__init_array_start = .)
 *(SORT_BY_NAME(.init_array.*))
 *(.init_array*)
 .init_array    0x000000000800243c        0x4 c:/st/stm32cubeide_1.3.0/stm32cubeide/plugins/com.st.stm32cube.ide.mcu.externaltools.gnu-tools-for-stm32.7-2018-q2-update.win32_1.4.0.202007081208/tools/bin/../lib/gcc/arm-none-eabi/7.3.1/thumb/v7e-m/fpv4-sp/hard/crtbegin.o
                0x0000000008002440                PROVIDE (__init_array_end = .)
                0x0000000008002440                . = ALIGN (0x4)

.fini_array     0x0000000008002440        0x4
                0x0000000008002440                . = ALIGN (0x4)
                [!provide]                        PROVIDE (__fini_array_start = .)
 *(SORT_BY_NAME(.fini_array.*))
 *(.fini_array*)
 .fini_array    0x0000000008002440        0x4 c:/st/stm32cubeide_1.3.0/stm32cubeide/plugins/com.st.stm32cube.ide.mcu.externaltools.gnu-tools-for-stm32.7-2018-q2-update.win32_1.4.0.202007081208/tools/bin/../lib/gcc/arm-none-eabi/7.3.1/thumb/v7e-m/fpv4-sp/hard/crtbegin.o
                [!provide]                        PROVIDE (__fini_array_end = .)
                0x0000000008002444                . = ALIGN (0x4)
                0x0000000008002444                _sidata = LOADADDR (.data)

.data           0x0000000020000000       0xcc load address 0x0000000008002444
                0x0000000020000000                . = ALIGN (0x4)
                0x0000000020000000                _sdata = .
 *(.data)
 *(.data*)
 .data.text     0x0000000020000000       0xc8 Src/main.o
                0x0000000020000000                text
 .data.SystemCoreClock
                0x00000000200000c8        0x4 Src/system_stm32f3xx.o
                0x00000000200000c8                SystemCoreClock
                0x00000000200000cc                . = ALIGN (0x4)
                0x00000000200000cc                _edata = .

.igot.plt       0x00000000200000cc        0x0 load address 0x0000000008002510
 .igot.plt      0x00000000200000cc        0x0 c:/st/stm32cubeide_1.3.0/stm32cubeide/plugins/com.st.stm32cube.ide.mcu.externaltools.gnu-tools-for-stm32.7-2018-q2-update.win32_1.4.0.202007081208/tools/bin/../lib/gcc/arm-none-eabi/7.3.1/thumb/v7e-m/fpv4-sp/hard/crtbegin.o
                0x00000000200000cc                . = ALIGN (0x4)

.bss            0x00000000200000d0       0x50 load address 0x0000000008002510
                0x00000000200000d0                _sbss = .
                0x00000000200000d0                __bss_start__ = _sbss
 *(.bss)
 .bss           0x00000000200000d0       0x1c c:/st/stm32cubeide_1.3.0/stm32cubeide/plugins/com.st.stm32cube.ide.mcu.externaltools.gnu-tools-for-stm32.7-2018-q2-update.win32_1.4.0.202007081208/tools/bin/../lib/gcc/arm-none-eabi/7.3.1/thumb/v7e-m/fpv4-sp/hard/crtbegin.o
 *(.bss*)
 *fill*         0x00000000200000ec        0x4 
 .bss.disp_time
                0x00000000200000f0        0x8 Src/display.o
                0x00000000200000f0                disp_time
 .bss.disp_time_saved
                0x00000000200000f8        0x8 Src/display.o
                0x00000000200000f8                disp_time_saved
 .bss.poc       0x0000000020000100        0x4 Src/main.o
                0x0000000020000100                poc
 .bss.smer      0x0000000020000104        0x4 Src/main.o
                0x0000000020000104                smer
 *(COMMON)
 COMMON         0x0000000020000108       0x18 Src/main.o
                0x0000000020000108                vypis
                0x0000000020000118                saved_time
                0x0000000020000120                . = ALIGN (0x4)
                0x0000000020000120                _ebss = .
                0x0000000020000120                __bss_end__ = _ebss

._user_heap_stack
                0x0000000020000120      0x600 load address 0x0000000008002510
                0x0000000020000120                . = ALIGN (0x8)
                0x0000000020000120                PROVIDE (end = .)
                [!provide]                        PROVIDE (_end = .)
                0x0000000020000320                . = (. + _Min_Heap_Size)
 *fill*         0x0000000020000120      0x200 
                0x0000000020000720                . = (. + _Min_Stack_Size)
 *fill*         0x0000000020000320      0x400 
                0x0000000020000720                . = ALIGN (0x8)

/DISCARD/
 libc.a(*)
 libm.a(*)
 libgcc.a(*)

.ARM.attributes
                0x0000000000000000       0x30
 *(.ARM.attributes)
 .ARM.attributes
                0x0000000000000000       0x22 c:/st/stm32cubeide_1.3.0/stm32cubeide/plugins/com.st.stm32cube.ide.mcu.externaltools.gnu-tools-for-stm32.7-2018-q2-update.win32_1.4.0.202007081208/tools/bin/../lib/gcc/arm-none-eabi/7.3.1/thumb/v7e-m/fpv4-sp/hard/crti.o
 .ARM.attributes
                0x0000000000000022       0x34 c:/st/stm32cubeide_1.3.0/stm32cubeide/plugins/com.st.stm32cube.ide.mcu.externaltools.gnu-tools-for-stm32.7-2018-q2-update.win32_1.4.0.202007081208/tools/bin/../lib/gcc/arm-none-eabi/7.3.1/thumb/v7e-m/fpv4-sp/hard/crtbegin.o
 .ARM.attributes
                0x0000000000000056       0x39 Drivers/STM32F3xx_HAL_Driver/Src/stm32f3xx_ll_gpio.o
 .ARM.attributes
                0x000000000000008f       0x39 Drivers/STM32F3xx_HAL_Driver/Src/stm32f3xx_ll_tim.o
 .ARM.attributes
                0x00000000000000c8       0x39 Drivers/STM32F3xx_HAL_Driver/Src/stm32f3xx_ll_utils.o
 .ARM.attributes
                0x0000000000000101       0x39 Src/display.o
 .ARM.attributes
                0x000000000000013a       0x39 Src/gpio.o
 .ARM.attributes
                0x0000000000000173       0x39 Src/main.o
 .ARM.attributes
                0x00000000000001ac       0x39 Src/stm32f3xx_it.o
 .ARM.attributes
                0x00000000000001e5       0x39 Src/system_stm32f3xx.o
 .ARM.attributes
                0x000000000000021e       0x39 Src/tim.o
 .ARM.attributes
                0x0000000000000257       0x21 Startup/startup_stm32f303k8tx.o
 .ARM.attributes
                0x0000000000000278       0x34 c:/st/stm32cubeide_1.3.0/stm32cubeide/plugins/com.st.stm32cube.ide.mcu.externaltools.gnu-tools-for-stm32.7-2018-q2-update.win32_1.4.0.202007081208/tools/bin/../lib/gcc/arm-none-eabi/7.3.1/../../../../arm-none-eabi/lib/thumb/v7e-m/fpv4-sp/hard\libc_nano.a(lib_a-init.o)
 .ARM.attributes
                0x00000000000002ac       0x34 c:/st/stm32cubeide_1.3.0/stm32cubeide/plugins/com.st.stm32cube.ide.mcu.externaltools.gnu-tools-for-stm32.7-2018-q2-update.win32_1.4.0.202007081208/tools/bin/../lib/gcc/arm-none-eabi/7.3.1/../../../../arm-none-eabi/lib/thumb/v7e-m/fpv4-sp/hard\libc_nano.a(lib_a-memset.o)
 .ARM.attributes
                0x00000000000002e0       0x22 c:/st/stm32cubeide_1.3.0/stm32cubeide/plugins/com.st.stm32cube.ide.mcu.externaltools.gnu-tools-for-stm32.7-2018-q2-update.win32_1.4.0.202007081208/tools/bin/../lib/gcc/arm-none-eabi/7.3.1/thumb/v7e-m/fpv4-sp/hard/crtn.o
OUTPUT(segment_display.elf elf32-littlearm)

.debug_info     0x0000000000000000     0x55af
 .debug_info    0x0000000000000000      0x7e2 Drivers/STM32F3xx_HAL_Driver/Src/stm32f3xx_ll_gpio.o
 .debug_info    0x00000000000007e2      0xf9f Drivers/STM32F3xx_HAL_Driver/Src/stm32f3xx_ll_tim.o
 .debug_info    0x0000000000001781      0x818 Drivers/STM32F3xx_HAL_Driver/Src/stm32f3xx_ll_utils.o
 .debug_info    0x0000000000001f99     0x1048 Src/display.o
 .debug_info    0x0000000000002fe1      0x3ff Src/gpio.o
 .debug_info    0x00000000000033e0      0xff4 Src/main.o
 .debug_info    0x00000000000043d4      0x25d Src/stm32f3xx_it.o
 .debug_info    0x0000000000004631      0x400 Src/system_stm32f3xx.o
 .debug_info    0x0000000000004a31      0xb5c Src/tim.o
 .debug_info    0x000000000000558d       0x22 Startup/startup_stm32f303k8tx.o

.debug_abbrev   0x0000000000000000     0x100e
 .debug_abbrev  0x0000000000000000      0x212 Drivers/STM32F3xx_HAL_Driver/Src/stm32f3xx_ll_gpio.o
 .debug_abbrev  0x0000000000000212      0x1ff Drivers/STM32F3xx_HAL_Driver/Src/stm32f3xx_ll_tim.o
 .debug_abbrev  0x0000000000000411      0x266 Drivers/STM32F3xx_HAL_Driver/Src/stm32f3xx_ll_utils.o
 .debug_abbrev  0x0000000000000677      0x24e Src/display.o
 .debug_abbrev  0x00000000000008c5      0x15d Src/gpio.o
 .debug_abbrev  0x0000000000000a22      0x265 Src/main.o
 .debug_abbrev  0x0000000000000c87       0xa3 Src/stm32f3xx_it.o
 .debug_abbrev  0x0000000000000d2a      0x111 Src/system_stm32f3xx.o
 .debug_abbrev  0x0000000000000e3b      0x1c1 Src/tim.o
 .debug_abbrev  0x0000000000000ffc       0x12 Startup/startup_stm32f303k8tx.o

.debug_aranges  0x0000000000000000      0x648
 .debug_aranges
                0x0000000000000000       0x70 Drivers/STM32F3xx_HAL_Driver/Src/stm32f3xx_ll_gpio.o
 .debug_aranges
                0x0000000000000070      0x148 Drivers/STM32F3xx_HAL_Driver/Src/stm32f3xx_ll_tim.o
 .debug_aranges
                0x00000000000001b8       0xf0 Drivers/STM32F3xx_HAL_Driver/Src/stm32f3xx_ll_utils.o
 .debug_aranges
                0x00000000000002a8      0x198 Src/display.o
 .debug_aranges
                0x0000000000000440       0x30 Src/gpio.o
 .debug_aranges
                0x0000000000000470       0xa8 Src/main.o
 .debug_aranges
                0x0000000000000518       0x60 Src/stm32f3xx_it.o
 .debug_aranges
                0x0000000000000578       0x28 Src/system_stm32f3xx.o
 .debug_aranges
                0x00000000000005a0       0x80 Src/tim.o
 .debug_aranges
                0x0000000000000620       0x28 Startup/startup_stm32f303k8tx.o

.debug_ranges   0x0000000000000000      0x5b0
 .debug_ranges  0x0000000000000000       0x60 Drivers/STM32F3xx_HAL_Driver/Src/stm32f3xx_ll_gpio.o
 .debug_ranges  0x0000000000000060      0x138 Drivers/STM32F3xx_HAL_Driver/Src/stm32f3xx_ll_tim.o
 .debug_ranges  0x0000000000000198       0xe0 Drivers/STM32F3xx_HAL_Driver/Src/stm32f3xx_ll_utils.o
 .debug_ranges  0x0000000000000278      0x188 Src/display.o
 .debug_ranges  0x0000000000000400       0x20 Src/gpio.o
 .debug_ranges  0x0000000000000420       0x98 Src/main.o
 .debug_ranges  0x00000000000004b8       0x50 Src/stm32f3xx_it.o
 .debug_ranges  0x0000000000000508       0x18 Src/system_stm32f3xx.o
 .debug_ranges  0x0000000000000520       0x70 Src/tim.o
 .debug_ranges  0x0000000000000590       0x20 Startup/startup_stm32f303k8tx.o

.debug_macro    0x0000000000000000     0x35b5
 .debug_macro   0x0000000000000000      0x10c Drivers/STM32F3xx_HAL_Driver/Src/stm32f3xx_ll_gpio.o
 .debug_macro   0x000000000000010c      0x149 Drivers/STM32F3xx_HAL_Driver/Src/stm32f3xx_ll_gpio.o
 .debug_macro   0x0000000000000255       0xe5 Drivers/STM32F3xx_HAL_Driver/Src/stm32f3xx_ll_gpio.o
 .debug_macro   0x000000000000033a      0x179 Drivers/STM32F3xx_HAL_Driver/Src/stm32f3xx_ll_tim.o
 .debug_macro   0x00000000000004b3      0x800 Drivers/STM32F3xx_HAL_Driver/Src/stm32f3xx_ll_tim.o
 .debug_macro   0x0000000000000cb3      0x14a Drivers/STM32F3xx_HAL_Driver/Src/stm32f3xx_ll_utils.o
 .debug_macro   0x0000000000000dfd       0x30 Drivers/STM32F3xx_HAL_Driver/Src/stm32f3xx_ll_utils.o
 .debug_macro   0x0000000000000e2d      0x2a5 Drivers/STM32F3xx_HAL_Driver/Src/stm32f3xx_ll_utils.o
 .debug_macro   0x00000000000010d2       0xaf Drivers/STM32F3xx_HAL_Driver/Src/stm32f3xx_ll_utils.o
 .debug_macro   0x0000000000001181      0x2cd Src/display.o
 .debug_macro   0x000000000000144e      0x102 Src/display.o
 .debug_macro   0x0000000000001550       0x28 Src/display.o
 .debug_macro   0x0000000000001578      0x287 Src/display.o
 .debug_macro   0x00000000000017ff      0x806 Src/display.o
 .debug_macro   0x0000000000002005      0x14f Src/display.o
 .debug_macro   0x0000000000002154       0x22 Src/display.o
 .debug_macro   0x0000000000002176       0x46 Src/display.o
 .debug_macro   0x00000000000021bc       0x18 Src/display.o
 .debug_macro   0x00000000000021d4       0x3c Src/display.o
 .debug_macro   0x0000000000002210       0x34 Src/display.o
 .debug_macro   0x0000000000002244       0x16 Src/display.o
 .debug_macro   0x000000000000225a       0x97 Src/display.o
 .debug_macro   0x00000000000022f1      0x330 Src/display.o
 .debug_macro   0x0000000000002621       0xfd Src/display.o
 .debug_macro   0x000000000000271e       0x10 Src/display.o
 .debug_macro   0x000000000000272e       0x52 Src/display.o
 .debug_macro   0x0000000000002780       0x1f Src/display.o
 .debug_macro   0x000000000000279f       0x43 Src/display.o
 .debug_macro   0x00000000000027e2       0x20 Src/display.o
 .debug_macro   0x0000000000002802      0x1a3 Src/display.o
 .debug_macro   0x00000000000029a5       0x10 Src/display.o
 .debug_macro   0x00000000000029b5       0x1c Src/display.o
 .debug_macro   0x00000000000029d1       0x52 Src/display.o
 .debug_macro   0x0000000000002a23       0x40 Src/display.o
 .debug_macro   0x0000000000002a63       0x10 Src/display.o
 .debug_macro   0x0000000000002a73       0x40 Src/display.o
 .debug_macro   0x0000000000002ab3       0xd7 Src/display.o
 .debug_macro   0x0000000000002b8a       0x1c Src/display.o
 .debug_macro   0x0000000000002ba6       0x3d Src/display.o
 .debug_macro   0x0000000000002be3       0x16 Src/display.o
 .debug_macro   0x0000000000002bf9      0x145 Src/display.o
 .debug_macro   0x0000000000002d3e       0x16 Src/display.o
 .debug_macro   0x0000000000002d54       0x35 Src/display.o
 .debug_macro   0x0000000000002d89       0x20 Src/display.o
 .debug_macro   0x0000000000002da9       0x82 Src/display.o
 .debug_macro   0x0000000000002e2b      0x143 Src/gpio.o
 .debug_macro   0x0000000000002f6e      0x2e5 Src/main.o
 .debug_macro   0x0000000000003253      0x143 Src/stm32f3xx_it.o
 .debug_macro   0x0000000000003396       0xdc Src/system_stm32f3xx.o
 .debug_macro   0x0000000000003472      0x143 Src/tim.o

.debug_line     0x0000000000000000     0x4493
 .debug_line    0x0000000000000000      0x670 Drivers/STM32F3xx_HAL_Driver/Src/stm32f3xx_ll_gpio.o
 .debug_line    0x0000000000000670      0x97d Drivers/STM32F3xx_HAL_Driver/Src/stm32f3xx_ll_tim.o
 .debug_line    0x0000000000000fed      0x764 Drivers/STM32F3xx_HAL_Driver/Src/stm32f3xx_ll_utils.o
 .debug_line    0x0000000000001751      0xc31 Src/display.o
 .debug_line    0x0000000000002382      0x5aa Src/gpio.o
 .debug_line    0x000000000000292c      0x945 Src/main.o
 .debug_line    0x0000000000003271      0x619 Src/stm32f3xx_it.o
 .debug_line    0x000000000000388a      0x48a Src/system_stm32f3xx.o
 .debug_line    0x0000000000003d14      0x6fe Src/tim.o
 .debug_line    0x0000000000004412       0x81 Startup/startup_stm32f303k8tx.o

.debug_str      0x0000000000000000    0x75bb0
 .debug_str     0x0000000000000000    0x645b7 Drivers/STM32F3xx_HAL_Driver/Src/stm32f3xx_ll_gpio.o
                                      0x64768 (size before relaxing)
 .debug_str     0x00000000000645b7     0x5cde Drivers/STM32F3xx_HAL_Driver/Src/stm32f3xx_ll_tim.o
                                      0x69684 (size before relaxing)
 .debug_str     0x000000000006a295     0x5087 Drivers/STM32F3xx_HAL_Driver/Src/stm32f3xx_ll_utils.o
                                      0x6844a (size before relaxing)
 .debug_str     0x000000000006f31c     0x6128 Src/display.o
                                      0x72516 (size before relaxing)
 .debug_str     0x0000000000075444       0x45 Src/gpio.o
                                      0x6dc82 (size before relaxing)
 .debug_str     0x0000000000075489      0x17b Src/main.o
                                      0x72597 (size before relaxing)
 .debug_str     0x0000000000075604       0xb8 Src/stm32f3xx_it.o
                                      0x6dc26 (size before relaxing)
 .debug_str     0x00000000000756bc       0xaa Src/system_stm32f3xx.o
                                      0x6344a (size before relaxing)
 .debug_str     0x0000000000075766      0x419 Src/tim.o
                                      0x6e278 (size before relaxing)
 .debug_str     0x0000000000075b7f       0x31 Startup/startup_stm32f303k8tx.o
                                         0x62 (size before relaxing)

.comment        0x0000000000000000       0x7b
 .comment       0x0000000000000000       0x7b Drivers/STM32F3xx_HAL_Driver/Src/stm32f3xx_ll_gpio.o
                                         0x7c (size before relaxing)
 .comment       0x000000000000007b       0x7c Drivers/STM32F3xx_HAL_Driver/Src/stm32f3xx_ll_tim.o
 .comment       0x000000000000007b       0x7c Drivers/STM32F3xx_HAL_Driver/Src/stm32f3xx_ll_utils.o
 .comment       0x000000000000007b       0x7c Src/display.o
 .comment       0x000000000000007b       0x7c Src/gpio.o
 .comment       0x000000000000007b       0x7c Src/main.o
 .comment       0x000000000000007b       0x7c Src/stm32f3xx_it.o
 .comment       0x000000000000007b       0x7c Src/system_stm32f3xx.o
 .comment       0x000000000000007b       0x7c Src/tim.o

.debug_frame    0x0000000000000000     0x17dc
 .debug_frame   0x0000000000000000      0x1c0 Drivers/STM32F3xx_HAL_Driver/Src/stm32f3xx_ll_gpio.o
 .debug_frame   0x00000000000001c0      0x5d0 Drivers/STM32F3xx_HAL_Driver/Src/stm32f3xx_ll_tim.o
 .debug_frame   0x0000000000000790      0x3dc Drivers/STM32F3xx_HAL_Driver/Src/stm32f3xx_ll_utils.o
 .debug_frame   0x0000000000000b6c      0x58c Src/display.o
 .debug_frame   0x00000000000010f8       0x84 Src/gpio.o
 .debug_frame   0x000000000000117c      0x298 Src/main.o
 .debug_frame   0x0000000000001414      0x114 Src/stm32f3xx_it.o
 .debug_frame   0x0000000000001528       0x58 Src/system_stm32f3xx.o
 .debug_frame   0x0000000000001580      0x210 Src/tim.o
 .debug_frame   0x0000000000001790       0x2c c:/st/stm32cubeide_1.3.0/stm32cubeide/plugins/com.st.stm32cube.ide.mcu.externaltools.gnu-tools-for-stm32.7-2018-q2-update.win32_1.4.0.202007081208/tools/bin/../lib/gcc/arm-none-eabi/7.3.1/../../../../arm-none-eabi/lib/thumb/v7e-m/fpv4-sp/hard\libc_nano.a(lib_a-init.o)
 .debug_frame   0x00000000000017bc       0x20 c:/st/stm32cubeide_1.3.0/stm32cubeide/plugins/com.st.stm32cube.ide.mcu.externaltools.gnu-tools-for-stm32.7-2018-q2-update.win32_1.4.0.202007081208/tools/bin/../lib/gcc/arm-none-eabi/7.3.1/../../../../arm-none-eabi/lib/thumb/v7e-m/fpv4-sp/hard\libc_nano.a(lib_a-memset.o)
