stm32f3xx_ll_tim.h:3971:22:LL_TIM_ClearFlag_UPDATE	16	static
stm32f3xx_ll_tim.h:3982:26:LL_TIM_IsActiveFlag_UPDATE	16	static
stm32f3xx_ll_gpio.h:895:22:LL_GPIO_SetOutputPin	16	static
stm32f3xx_ll_gpio.h:924:22:LL_GPIO_ResetOutputPin	16	static
display.c:19:6:resetSegments	8	static
display.c:32:6:setSegments	8	static
display.c:45:6:resetDigits	8	static
display.c:55:6:setDigits	8	static
display.c:64:6:setDecimalPoint	8	static
display.c:70:6:setOne	8	static
display.c:77:6:setTwo	8	static
display.c:87:6:setThree	8	static
display.c:97:6:setFour	8	static
display.c:106:6:setFive	8	static
display.c:116:6:setSix	8	static
display.c:127:6:setSeven	8	static
display.c:135:6:setEight	8	static
display.c:147:6:setNine	8	static
display.c:157:6:setZero	8	static
display.c:168:6:setMedzera	8	static
display.c:172:6:setA	8	static
display.c:181:6:setB	8	static
display.c:191:6:setC	8	static
display.c:198:6:setD	8	static
display.c:207:6:setE	8	static
display.c:215:6:setF	8	static
display.c:222:6:setG	8	static
display.c:230:6:setH	8	static
display.c:238:6:setI	8	static
display.c:243:6:setJ	8	static
display.c:250:6:setK	8	static
display.c:256:6:setL	8	static
display.c:262:6:setM	8	static
display.c:269:6:setN	8	static
display.c:275:6:setO	8	static
display.c:284:6:setP	8	static
display.c:292:6:setQ	8	static
display.c:300:6:setR	8	static
display.c:305:6:setS	8	static
display.c:313:6:setT	8	static
display.c:326:6:setU	8	static
display.c:334:6:setV	8	static
display.c:340:6:setW	8	static
display.c:348:6:setX	8	static
display.c:354:6:setY	8	static
display.c:362:6:setZ	8	static
display.c:369:6:updateDisplay	24	static
display.c:429:6:TIM3_IRQHandler	8	static
