stm32f3xx_ll_tim.h:3971:22:LL_TIM_ClearFlag_UPDATE	16	static
stm32f3xx_ll_tim.h:3982:26:LL_TIM_IsActiveFlag_UPDATE	16	static
stm32f3xx_ll_gpio.h:895:22:LL_GPIO_SetOutputPin	16	static
stm32f3xx_ll_gpio.h:924:22:LL_GPIO_ResetOutputPin	16	static
display.c:19:6:resetSegments	8	static
display.c:32:6:setSegments	8	static
display.c:45:6:resetDigits	8	static
display.c:55:6:setDigits	8	static
display.c:64:6:setDecimalPoint	8	static
display.c:71:6:setZeroDot	8	static
display.c:85:6:setOneDot	8	static
display.c:94:6:setTwoDot	8	static
display.c:106:6:setThreeDot	8	static
display.c:117:6:setFourDot	8	static
display.c:127:6:setFiveDot	8	static
display.c:138:6:setSixDot	8	static
display.c:150:6:setSevenDot	8	static
display.c:159:6:setEightDot	8	static
display.c:172:6:setNineDot	8	static
display.c:183:6:setMinus	8	static
display.c:196:6:setOne	8	static
display.c:203:6:setTwo	8	static
display.c:213:6:setThree	8	static
display.c:223:6:setFour	8	static
display.c:232:6:setFive	8	static
display.c:242:6:setSix	8	static
display.c:253:6:setSeven	8	static
display.c:261:6:setEight	8	static
display.c:273:6:setNine	8	static
display.c:283:6:setZero	8	static
display.c:294:6:setMedzera	8	static
display.c:298:6:setA	8	static
display.c:307:6:setB	8	static
display.c:317:6:setC	8	static
display.c:324:6:setD	8	static
display.c:333:6:setE	8	static
display.c:341:6:setF	8	static
display.c:348:6:setG	8	static
display.c:356:6:setH	8	static
display.c:364:6:setI	8	static
display.c:369:6:setJ	8	static
display.c:376:6:setK	8	static
display.c:382:6:setL	8	static
display.c:388:6:setM	8	static
display.c:395:6:setN	8	static
display.c:401:6:setO	8	static
display.c:410:6:setP	8	static
display.c:418:6:setQ	8	static
display.c:426:6:setR	8	static
display.c:431:6:setS	8	static
display.c:439:6:setT	8	static
display.c:452:6:setU	8	static
display.c:460:6:setV	8	static
display.c:466:6:setW	8	static
display.c:474:6:setX	8	static
display.c:480:6:setY	8	static
display.c:488:6:setZ	8	static
display.c:495:6:updateDisplay	24	static
display.c:580:6:TIM3_IRQHandler	8	static
