stm32f3xx_ll_exti.h:1219:26:LL_EXTI_IsActiveFlag_0_31	16	static
stm32f3xx_ll_exti.h:1336:22:LL_EXTI_ClearFlag_0_31	16	static
stm32f3xx_ll_gpio.h:814:26:LL_GPIO_IsInputPinSet	16	static
stm32f3xx_it.c:75:6:NMI_Handler	4	static
stm32f3xx_it.c:88:6:HardFault_Handler	4	static
stm32f3xx_it.c:103:6:MemManage_Handler	4	static
stm32f3xx_it.c:118:6:BusFault_Handler	4	static
stm32f3xx_it.c:133:6:UsageFault_Handler	4	static
stm32f3xx_it.c:148:6:SVC_Handler	4	static
stm32f3xx_it.c:161:6:DebugMon_Handler	4	static
stm32f3xx_it.c:174:6:PendSV_Handler	4	static
stm32f3xx_it.c:187:6:SysTick_Handler	8	static
stm32f3xx_it.c:198:9:check_button_state	24	static
stm32f3xx_it.c:228:6:EXTI3_IRQHandler	8	static
